
================================================================
实验 1：先用中心差分检查全部 17 个参数
================================================================
输入为 XOR 四点；损失取均值；解析梯度与数值梯度各走独立计算路径。
┌─────────┬───────┬────────┐
│ (index) │ input │ target │
├─────────┼───────┼────────┤
│ 0       │ '0,0' │ 0      │
│ 1       │ '0,1' │ 1      │
│ 2       │ '1,0' │ 1      │
│ 3       │ '1,1' │ 0      │
└─────────┴───────┴────────┘
┌─────────┬────────────────────────┬───────────────────────┬────────────────────────┬────────────────────────┐
│ (index) │ parameter              │ analytical            │ numerical              │ absoluteError          │
├─────────┼────────────────────────┼───────────────────────┼────────────────────────┼────────────────────────┤
│ 0       │ 'layers[0].weights[0]' │ -0.08928190914965868  │ -0.08928190914359034   │ 6.0683402747230275e-12 │
│ 1       │ 'layers[0].weights[1]' │ -0.08589674650627784  │ -0.08589674649894795   │ 7.329886697604593e-12  │
│ 2       │ 'layers[0].weights[2]' │ -0.12438771252547888  │ -0.1243877125134407    │ 1.2038176011586188e-11 │
│ 3       │ 'layers[0].weights[3]' │ -0.13625760715777457  │ -0.1362576071528565    │ 4.9180659544845184e-12 │
│ 4       │ 'layers[0].weights[4]' │ -0.10018712552313958  │ -0.10018712551240759   │ 1.0731984745326884e-11 │
│ 5       │ 'layers[0].weights[5]' │ -0.06522282328725165  │ -0.06522282328114137   │ 6.110278949478243e-12  │
│ 6       │ 'layers[0].weights[6]' │ 0.0000915728346542434 │ 0.00009157283820115934 │ 3.546915948340716e-12  │
│ 7       │ 'layers[0].weights[7]' │ 0.0000742903497678863 │ 0.00007429034054595718 │ 9.221929114983964e-12  │
│ 8       │ 'layers[0].biases[0]'  │ -0.08025543766401164  │ -0.08025543766221332   │ 1.798311499712213e-12  │
│ 9       │ 'layers[0].biases[1]'  │ -0.1590374871102576   │ -0.15903748709633625   │ 1.3921364061530994e-11 │
│ 10      │ 'layers[0].biases[2]'  │ -0.07733913894322049  │ -0.07733913894303335   │ 1.8714196858837795e-13 │
│ 11      │ 'layers[0].biases[3]'  │ 0.0000904999546040884 │ 0.00009049995197685233 │ 2.627236075176606e-12  │
│ 12      │ 'layers[1].weights[0]' │ 0.17941984199888789   │ 0.17941984199465463    │ 4.233252637320106e-12  │
│ 13      │ 'layers[1].weights[1]' │ 0.06930109155179645   │ 0.06930109154867914    │ 3.11731196411813e-12   │
│ 14      │ 'layers[1].weights[2]' │ 0.16160404520404165   │ 0.16160404519571792    │ 8.323730593673417e-12  │
│ 15      │ 'layers[1].weights[3]' │ 0.12543512733336445   │ 0.12543512733498297    │ 1.6185108808741688e-12 │
│ 16      │ 'layers[1].biases[0]'  │ -0.19849395611965037  │ -0.19849395611615248   │ 3.497896416959634e-12  │
└─────────┴────────────────────────┴───────────────────────┴────────────────────────┴────────────────────────┘
┌─────────┬─────────┬──────────────────────────┬────────────────────────┬────────┐
│ (index) │ epsilon │ maxAbsError              │ maxRelativeError       │ passed │
├─────────┼─────────┼──────────────────────────┼────────────────────────┼────────┤
│ 0       │ 0.01    │ 0.0000047765778810188175 │ 0.00002144095366908691 │ true   │
│ 1       │ 0.00001 │ 1.3921364061530994e-11   │ 6.206680757442103e-8   │ true   │
│ 2       │ 1e-8    │ 1.0977478477481174e-8    │ 0.00006064540469592944 │ true   │
└─────────┴─────────┴──────────────────────────┴────────────────────────┴────────┘
自检通过。ε 过大有截断误差，过小有浮点消减；不是越小越好。

================================================================
实验 2：感知机边界与三种激活的值、导数
================================================================
┌─────────┬───────┬──────┬───────────────┐
│ (index) │ input │ z    │ perceptronAND │
├─────────┼───────┼──────┼───────────────┤
│ 0       │ '0,0' │ -1.5 │ 0             │
│ 1       │ '0,1' │ -0.5 │ 0             │
│ 2       │ '1,0' │ -0.5 │ 0             │
│ 3       │ '1,1' │ 0.5  │ 1             │
└─────────┴───────┴──────┴───────────────┘
AND 用一条直线可分；XOR 的两条对角线标签相反，一条直线不能全分对。
┌─────────┬────────────────────┬───────────────────────┬───────────────────────┬─────────────────────┬─────────────────────────┬────────────────────┬────────────────┐
│ (index) │ z                  │ sigmoid               │ sigmoidDerivative     │ tanh                │ tanhDerivative          │ relu               │ reluDerivative │
├─────────┼────────────────────┼───────────────────────┼───────────────────────┼─────────────────────┼─────────────────────────┼────────────────────┼────────────────┤
│ 0       │ -6                 │ 0.0024726231566347748 │ 0.0024665092913600485 │ -0.9999877116507956 │ 0.000024576547405286142 │ 0                  │ 0              │
│ 1       │ -2                 │ 0.11920292202211755   │ 0.1049935854035065    │ -0.9640275800758169 │ 0.07065082485316443     │ 0                  │ 0              │
│ 2       │ 0                  │ 0.5                   │ 0.25                  │ 0                   │ 1                       │ 0                  │ 0              │
│ 3       │ 1.0986122886681096 │ 0.7499999999999999    │ 0.18750000000000006   │ 0.7999999999999999  │ 0.3600000000000001      │ 1.0986122886681096 │ 1              │
│ 4       │ 2                  │ 0.8807970779778823    │ 0.10499358540350662   │ 0.9640275800758169  │ 0.07065082485316443     │ 2                  │ 1              │
│ 5       │ 6                  │ 0.9975273768433653    │ 0.002466509291359931  │ 0.9999877116507956  │ 0.000024576547405286142 │ 6                  │ 1              │
└─────────┴────────────────────┴───────────────────────┴───────────────────────┴─────────────────────┴─────────────────────────┴────────────────────┴────────────────┘
ReLU 在0不可导，本实现约定导数0；Sigmoid 大绝对值输入时导数接近0。

================================================================
实验 3：追踪一个样本：前向 → BCE → 全部梯度 → 一次更新
================================================================
x=[1,2]、y=1；隐藏Sigmoid；W1=[0.1,0.2;-0.1,0.1]，b1=[0,0]；W2=[0.3,-0.2]，b2=0.1。
┌─────────┬───────┬─────────────┬───────────────────────┬────────────────────────────────────────┐
│ (index) │ layer │ weightShape │ z                     │ activation                             │
├─────────┼───────┼─────────────┼───────────────────────┼────────────────────────────────────────┤
│ 0       │ 1     │ '2×2'       │ '0.5, 0.1'            │ '0.6224593312018546, 0.52497918747894' │
│ 1       │ 2     │ '1×2'       │ '0.18174196186476838' │ '0.18174196186476838'                  │
└─────────┴───────┴─────────────┴───────────────────────┴────────────────────────────────────────┘
输出 logit=0.18174196186476838，p=0.5453108404505155，BCE=0.6063992974558354
┌─────────┬─────────────────┬────────┬──────────────────────┬────────────────────────┐
│ (index) │ parameter       │ before │ gradient             │ after                  │
├─────────┼─────────────────┼────────┼──────────────────────┼────────────────────────┤
│ 0       │ 'L1.weights[0]' │ 0.1    │ -0.03205609211758558 │ 0.10320560921175856    │
│ 1       │ 'L1.weights[1]' │ 0.2    │ -0.06411218423517116 │ 0.20641121842351712    │
│ 2       │ 'L1.weights[2]' │ -0.1   │ 0.022677716425416904 │ -0.1022677716425417    │
│ 3       │ 'L1.weights[3]' │ 0.1    │ 0.04535543285083381  │ 0.09546445671491663    │
│ 4       │ 'L1.biases[0]'  │ 0      │ -0.03205609211758558 │ 0.0032056092117585585  │
│ 5       │ 'L1.biases[1]'  │ 0      │ 0.022677716425416904 │ -0.0022677716425416905 │
│ 6       │ 'L2.weights[0]' │ 0.3    │ -0.2830255101579055  │ 0.32830255101579053    │
│ 7       │ 'L2.weights[1]' │ -0.2   │ -0.2387023455357705  │ -0.17612976544642295   │
│ 8       │ 'L2.biases[0]'  │ 0.1    │ -0.4546891595494845  │ 0.14546891595494846    │
└─────────┴─────────────────┴────────┴──────────────────────┴────────────────────────┘
η=0.1，全部更新后重新前向：0.6063992974558354 → 0.5718183470703851
自检通过：x2=2x1，同一神经元的第二个权重梯度也是第一个的两倍。

================================================================
实验 4：平均梯度与学习率：保持初始化相同再比较
================================================================
┌─────────┬─────────┬────────────────────┬──────────────────────┐
│ (index) │ samples │ meanLoss           │ firstGradient        │
├─────────┼─────────┼────────────────────┼──────────────────────┤
│ 0       │ 4       │ 0.9018187121766812 │ -0.08928190914965868 │
│ 1       │ 8       │ 0.9018187121766812 │ -0.08928190914965867 │
└─────────┴─────────┴────────────────────┴──────────────────────┘
┌─────────┬──────────────┬────────────────────┬────────────────────┬───────────────────────┐
│ (index) │ learningRate │ before             │ after              │ difference            │
├─────────┼──────────────┼────────────────────┼────────────────────┼───────────────────────┤
│ 0       │ 0.01         │ 0.9018187121766812 │ 0.8996291692243239 │ -0.002189542952357293 │
│ 1       │ 0.1          │ 0.9018187121766812 │ 0.8805460550189423 │ -0.02127265715773885  │
│ 2       │ 0.5          │ 0.9018187121766812 │ 0.8099888473061492 │ -0.09182986487053202  │
│ 3       │ 2            │ 0.9018187121766812 │ 0.7613115955710869 │ -0.14050711660559434  │
│ 4       │ 10           │ 0.9018187121766812 │ 0.9393473898616962 │ 0.037528677685015     │
└─────────┴──────────────┴────────────────────┴────────────────────┴───────────────────────┘
复制全批次不改变均值梯度；过大学习率可能越过低损失区域。

================================================================
实验 5：默认 MLP 真正学习 XOR，观察训练前后
================================================================
┌─────────┬───────┬────────────────────────┬─────────────┐
│ (index) │ epoch │ loss                   │ fitAccuracy │
├─────────┼───────┼────────────────────────┼─────────────┤
│ 0       │ 0     │ 0.9018187121766812     │ 0.25        │
│ 1       │ 1000  │ 0.003236514744842674   │ 1           │
│ 2       │ 2000  │ 0.0013607311397600705  │ 1           │
│ 3       │ 3000  │ 0.0008483496415402989  │ 1           │
│ 4       │ 4000  │ 0.000612932566492734   │ 1           │
│ 5       │ 5000  │ 0.00047851806938166034 │ 1           │
└─────────┴───────┴────────────────────────┴─────────────┘
┌─────────┬───────┬────────┬─────────────────────┬───────────────────────┬───────────┐
│ (index) │ input │ target │ initialProbability  │ finalProbability      │ predicted │
├─────────┼───────┼────────┼─────────────────────┼───────────────────────┼───────────┤
│ 0       │ '0,0' │ 0      │ 0.5                 │ 0.000287323082353213  │ 0         │
│ 1       │ '0,1' │ 1      │ 0.1580971323409431  │ 0.999476613625777     │ 1         │
│ 2       │ '1,0' │ 1      │ 0.40185237819806624 │ 0.9995113362677769    │ 1         │
│ 3       │ '1,1' │ 0      │ 0.14607466498238905 │ 0.0006142126481889579 │ 0         │
└─────────┴───────┴────────┴─────────────────────┴───────────────────────┴───────────┘
自检通过：预测由训练后的权重前向得到。四点均参与训练，这不是独立测试成绩。

================================================================
实验 6：结构/激活对照：能表达和能优化不是一回事
================================================================
┌─────────┬───────────────┬────────┬───────────────────────┬─────────────┬──────────────────────────────────┐
│ (index) │ name          │ epochs │ loss                  │ fitAccuracy │ probabilities                    │
├─────────┼───────────────┼────────┼───────────────────────┼─────────────┼──────────────────────────────────┤
│ 0       │ '无隐藏层'    │ 1500   │ 0.6931471805599454    │ 0.75        │ '0.5000, 0.5000, 0.5000, 0.5000' │
│ 1       │ 'MLP/tanh'    │ 1500   │ 0.0019283845221728232 │ 1           │ '0.0010, 0.9979, 0.9980, 0.0026' │
│ 2       │ 'MLP/sigmoid' │ 1500   │ 0.03780179635966738   │ 1           │ '0.0247, 0.9553, 0.9793, 0.0578' │
│ 3       │ 'MLP/relu'    │ 1500   │ 0.4775243400991078    │ 0.75        │ '0.3335, 0.3335, 0.9994, 0.3335' │
└─────────┴───────────────┴────────┴───────────────────────┴─────────────┴──────────────────────────────────┘
线性模型在0.5附近有微小数值差异；观察完整概率与损失，不凭一次阈值结果判断表达能力。

================================================================
实验 7：稳定性与无效输入：失败应被看见
================================================================
┌─────────┬───────┬────────┬─────────┬──────┐
│ (index) │ logit │ target │ sigmoid │ loss │
├─────────┼───────┼────────┼─────────┼──────┤
│ 0       │ 1000  │ 0      │ 1       │ 1000 │
│ 1       │ -1000 │ 1      │ 0       │ 1000 │
│ 2       │ 1000  │ 1      │ 1       │ 0    │
└─────────┴───────┴────────┴─────────┴──────┘
错误输入维度：已拒绝，input 长度应为 2
空训练集：已拒绝，samples 不可为空
非法学习率：已拒绝，learningRate 必须大于 0

全部实验与自检完成。下一章：把稠密连接改成局部连接与共享卷积权重。
