
==============================================================
实验 1：环境、张量形状与运算含义
==============================================================
版本 / 后端 4.22.0 cpu
A=[[1,2],[3,4]]，B=[[2,0],[1,2]]；AB[0,0]=1×2+2×1=4
product
┌─────────┬────┬───┐
│ (index) │ 0  │ 1 │
├─────────┼────┼───┤
│ 0       │ 4  │ 4 │
│ 1       │ 10 │ 8 │
└─────────┴────┴───┘
elementwise
┌─────────┬───┬───┐
│ (index) │ 0 │ 1 │
├─────────┼───┼───┤
│ 0       │ 2 │ 0 │
│ 1       │ 3 │ 8 │
└─────────┴───┴───┘
broadcast
┌─────────┬────┬────┐
│ (index) │ 0  │ 1  │
├─────────┼────┼────┤
│ 0       │ 11 │ 22 │
│ 1       │ 13 │ 24 │
└─────────┴────┴────┘
gradient
┌─────────┬───┬───┐
│ (index) │ 0 │ 1 │
├─────────┼───┼───┤
│ 0       │ 2 │ 4 │
│ 1       │ 6 │ 8 │
└─────────┴───┴───┘

==============================================================
实验 2：将手算的一步 SGD 与自动微分对齐
==============================================================
x=[-1,-0.5,0,0.5,1]，y=2x+1；w=b=0 时 MSE=3，dw=db=-2
┌─────────┬──────┬────┬────┬──────────────┬────────────┬──────────┐
│ (index) │ loss │ dw │ db │ learningRate │ nextWeight │ nextBias │
├─────────┼──────┼────┼────┼──────────────┼────────────┼──────────┤
│ 0       │ 3    │ -2 │ -2 │ 0.01         │ 0.02       │ 0.02     │
│ 1       │ 3    │ -2 │ -2 │ 0.1          │ 0.2        │ 0.2      │
└─────────┴──────┴────┴────┴──────────────┴────────────┴──────────┘

==============================================================
实验 3：学习率与训练轮数的真实对照
==============================================================
┌─────────┬────────┬──────────────┬────────────────────┬─────────────────────┬────────────────────────┬───────────────────┐
│ (index) │ epochs │ learningRate │ weight             │ bias                │ lastLoss               │ predictionAt2     │
├─────────┼────────┼──────────────┼────────────────────┼─────────────────────┼────────────────────────┼───────────────────┤
│ 0       │ 20     │ 0.01         │ 0.3641861081123352 │ 0.33239197731018066 │ 1.829187273979187      │ 1.060764193534851 │
│ 1       │ 20     │ 0.1          │ 1.7568466663360596 │ 0.988470733165741   │ 0.03670370206236839    │ 4.502163887023926 │
│ 2       │ 120    │ 0.1          │ 1.9999934434890747 │ 0.9999998807907104  │ 2.6543744632845367e-11 │ 4.99998664855957  │
└─────────┴────────┴──────────────┴────────────────────┴─────────────────────┴────────────────────────┴───────────────────┘

==============================================================
实验 4：观察训练曲线和批次外输入
==============================================================
┌─────────┬───────┬─────────────────────────┐
│ (index) │ epoch │ loss                    │
├─────────┼───────┼─────────────────────────┤
│ 0       │ 1     │ 3                       │
│ 1       │ 2     │ 2.259999990463257       │
│ 2       │ 10    │ 0.3182035982608795      │
│ 3       │ 20    │ 0.03670370206236839     │
│ 4       │ 60    │ 0.000007973117135406937 │
│ 5       │ 120   │ 2.6543744632845367e-11  │
└─────────┴───────┴─────────────────────────┘
学习 y=2x+1 {"firstLoss":3,"lastLoss":2.6543744632845367e-11,"x":2,"prediction":4.99998664855957,"expected":5}

==============================================================
实验 5：模型结构与权重分开保存，再重新加载
==============================================================
┌─────────┬───────────────────────┬──────────┬───────────┐
│ (index) │ name                  │ shape    │ dtype     │
├─────────┼───────────────────────┼──────────┼───────────┤
│ 0       │ 'dense_Dense4/kernel' │ [ 1, 1 ] │ 'float32' │
│ 1       │ 'dense_Dense4/bias'   │ [ 1 ]    │ 'float32' │
└─────────┴───────────────────────┴──────────┴───────────┘
磁盘产物：16-tensorflowjs-intro/artifacts/model.json + weights.bin
重新加载后 [-2,0,2] → [ -2.9999871253967285, 0.9999998807907104, 4.99998664855957 ] 解析答案 [-3,1,5]

==============================================================
实验 6：100 次推理与资源生命周期自检
==============================================================
保存后加载 {
  prediction: [ 4.99998664855957 ],
  repeats: 100,
  tensorsBefore: 2,
  tensorsAfter: 2
}
释放模型后 { baseline: 0, final: 0 }
全部自检通过。下一章把 Dense(1) 换成 CNN，将合成回归点换成独立划分的 MNIST。

============================
Hi, looks like you are running TensorFlow.js in Node.js. To speed things up dramatically, install our node backend, visit https://github.com/tensorflow/tfjs-node for more details. 
============================
