18 RNN / LSTM：参数为教学手设值，展示前向计算，不是已训练识别器。

【1. 普通RNN逐步展开：输入项 + 历史项】
┌─────────┬───┬───────────┬─────────────────────┬──────────────────────┐
│ (index) │ t │ inputTerm │ historyTerm         │ h                    │
├─────────┼───┼───────────┼─────────────────────┼──────────────────────┤
│ 0       │ 0 │ 0.5       │ 0                   │ 0.46211715726000974  │
│ 1       │ 1 │ 0         │ 0.3696937258080078  │ 0.3537237885050898   │
│ 2       │ 2 │ -0.5      │ 0.28297903080407183 │ -0.21367686365696237 │
│ 3       │ 3 │ 0.5       │ -0.1709414909255699 │ 0.3176745518763084   │
└─────────┴───┴───────────┴─────────────────────┴──────────────────────┘

【2. LSTM四门与cell：同一输入序列对比RNN】
┌─────────┬───┬────┬──────────────────────┬─────┬────────────────────┬─────────────────────┬─────┬──────────────────────┬──────────────────────┐
│ (index) │ t │ x  │ rnnH                 │ i   │ f                  │ g                   │ o   │ c                    │ lstmH                │
├─────────┼───┼────┼──────────────────────┼─────┼────────────────────┼─────────────────────┼─────┼──────────────────────┼──────────────────────┤
│ 0       │ 0 │ 1  │ 0.46211715726000974  │ 0.5 │ 0.7310585786300049 │ 0.7615941559557649  │ 0.5 │ 0.3807970779778824   │ 0.18169974219452625  │
│ 1       │ 1 │ 0  │ 0.3537237885050898   │ 0.5 │ 0.7310585786300049 │ 0                   │ 0.5 │ 0.27838497057296985  │ 0.13570483808968115  │
│ 2       │ 2 │ -1 │ -0.21367686365696237 │ 0.5 │ 0.7310585786300049 │ -0.7615941559557649 │ 0.5 │ -0.17728135707885134 │ -0.08772358618951383 │
│ 3       │ 3 │ 1  │ 0.3176745518763084   │ 0.5 │ 0.7310585786300049 │ 0.7615941559557649  │ 0.5 │ 0.251194021054219    │ 0.12302036562780395  │
└─────────┴───┴────┴──────────────────────┴─────┴────────────────────┴─────────────────────┴─────┴──────────────────────┴──────────────────────┘

【3. 双向原位置对齐与未来输入扰动】
┌─────────┬───┬──────────────────────┬──────────────────────┬────────────────────┬─────────────────────┐
│ (index) │ t │ forward              │ backward             │ forwardChange      │ backwardChange      │
├─────────┼───┼──────────────────────┼──────────────────────┼────────────────────┼─────────────────────┤
│ 0       │ 0 │ 0.46211715726000974  │ 0.3947112774697813   │ 0                  │ 0.1202686843653058  │
│ 1       │ 1 │ 0.3537237885050898   │ -0.10328929264885918 │ 0                  │ 0.19014384605920387 │
│ 2       │ 2 │ -0.21367686365696237 │ -0.12957372759468458 │ 0                  │ 0.23841616416924005 │
│ 3       │ 3 │ 0.3176745518763084   │ 0.46211715726000974  │ 0.3622955944838366 │ 0.2994769986957551  │
└─────────┴───┴──────────────────────┴──────────────────────┴────────────────────┴─────────────────────┘

【4. 循环权重与饱和输入的梯度对照】
┌─────────┬─────────────────┬─────────────────────┬────────────────────────┐
│ (index) │ recurrentWeight │ dh20dh0             │ saturated              │
├─────────┼─────────────────┼─────────────────────┼────────────────────────┤
│ 0       │ 0.5             │ 9.5367431640625e-7  │ 1.913287668491913e-72  │
│ 1       │ 0.9             │ 0.12157665459056936 │ 6.122659657684108e-74  │
│ 2       │ 1.2             │ 38.33759992447473   │ 2.1623541305716577e-76 │
└─────────┴─────────────────┴─────────────────────┴────────────────────────┘
中心差分自检 {
  analytic: 0.40158400710548814,
  numerical: 0.40158400709533465,
  error: 1.0153489160558138e-11
}

【5. 遗忘门参数如何影响20步记忆】
┌─────────┬────────────┬─────────────────────┬────────────────────────┐
│ (index) │ forgetBias │ forgetGate          │ cellAfter20            │
├─────────┼────────────┼─────────────────────┼────────────────────────┤
│ 0       │ -2         │ 0.11920292202211755 │ 3.3553515405667697e-19 │
│ 1       │ 0          │ 0.5                 │ 9.5367431640625e-7     │
│ 2       │ 1          │ 0.7310585786300049  │ 0.0019012689441994122  │
│ 3       │ 3          │ 0.9525741268224334  │ 0.37842134627078083    │
└─────────┴────────────┴─────────────────────┴────────────────────────┘

【6. 失败输入与运行自检】
通过：首步手算、双向因果方向、梯度差分、非法维度与NaN拒绝。下一章：CTC对齐。
