19 CTC：0是blank，1/2是类别索引（可映射数字0/1）。

【1. 路径折叠：先合并连续重复，后删除blank】
┌─────────┬─────────────────┬───────────┐
│ (index) │ path            │ output    │
├─────────┼─────────────────┼───────────┤
│ 0       │ '[1,1]'         │ '[1]'     │
│ 1       │ '[1,0,1]'       │ '[1,1]'   │
│ 2       │ '[0,0]'         │ '[]'      │
│ 3       │ '[1,1,0,1,2,2]' │ '[1,1,2]' │
└─────────┴─────────────────┴───────────┘

【2. 两帧单字符：枚举三条合法路径】
┌─────────┬───────────┬─────────────────────┐
│ (index) │ path      │ product             │
├─────────┼───────────┼─────────────────────┤
│ 0       │ 'a,a'     │ 0.24                │
│ 1       │ 'a,blank' │ 0.36                │
│ 2       │ 'blank,a' │ 0.16000000000000003 │
└─────────┴───────────┴─────────────────────┘
总概率 0.76

【3. 连续重复数字00：扩展状态、alpha、枚举对照】
重复数字00： {
  target: [ 1, 1 ],
  extended: [ 0, 1, 0, 1, 0 ],
  minimumFrames: 3,
  probability: 0.448,
  enumeratedProbability: 0.44799999999999995,
  paths: 1,
  loss: 0.8029620465671519
}
对数alpha
┌─────────┬─────────────────────┬──────────────────────┬─────────────────────┬─────────────────────┬───────────┐
│ (index) │ 0                   │ 1                    │ 2                   │ 3                   │ 4         │
├─────────┼─────────────────────┼──────────────────────┼─────────────────────┼─────────────────────┼───────────┤
│ 0       │ -1.6094379124341003 │ -0.35667494393873245 │ -Infinity           │ -Infinity           │ -Infinity │
│ 1       │ -1.83258146374831   │ -2.407945608651872   │ -0.5798184952529422 │ -Infinity           │ -Infinity │
│ 2       │ -4.135166556742355  │ -1.6094379124341     │ -2.7333680090864996 │ -0.8029620465671519 │ -Infinity │
└─────────┴─────────────────────┴──────────────────────┴─────────────────────┴─────────────────────┴───────────┘
前后向计算的每帧类别后验
┌─────────┬───┬───┬───┐
│ (index) │ 0 │ 1 │ 2 │
├─────────┼───┼───┼───┤
│ 0       │ 0 │ 1 │ 0 │
│ 1       │ 1 │ 0 │ 0 │
│ 2       │ 0 │ 1 │ 0 │
└─────────┴───┴───┴───┘

【4. 解码对比：最佳路径不一定是最佳标签串】
贪婪空串，beam聚合后得到数字0 {
  greedy: { path: [ 0, 0 ], labels: [], logProbability: -1.83258146374831 },
  beam: [
    {
      labels: [Array],
      logProbability: -0.9100601821235192,
      probability: 0.4024999999999999
    },
    {
      labels: [Array],
      logProbability: -1.3375041969504584,
      probability: 0.26250000000000007
    },
    {
      labels: [],
      logProbability: -1.83258146374831,
      probability: 0.16000000000000003
    }
  ]
}
┌─────────┬───────────┬────────┬────────────────────────┐
│ (index) │ beamWidth │ output │ accumulatedProbability │
├─────────┼───────────┼────────┼────────────────────────┤
│ 0       │ 1         │ '[]'   │ 0.16000000000000003    │
│ 1       │ 2         │ '[1]'  │ 0.4024999999999999     │
│ 2       │ 5         │ '[1]'  │ 0.4024999999999999     │
│ 3       │ 20        │ '[1]'  │ 0.4024999999999999     │
└─────────┴───────────┴────────┴────────────────────────┘

【5. CTC logits梯度：p减条件对齐后验】
┌─────────┬───┬──────────────────────┬──────────────────────┬─────────────────────┬─────────────────────────┐
│ (index) │ t │ blankGradient        │ zeroGradient         │ oneGradient         │ sum                     │
├─────────┼───┼──────────────────────┼──────────────────────┼─────────────────────┼─────────────────────────┤
│ 0       │ 0 │ 0.19999999999999996  │ -0.30000000000000016 │ 0.10000000000000002 │ -1.8041124150158794e-16 │
│ 1       │ 1 │ -0.19999999999999996 │ 0.10000000000000002  │ 0.10000000000000002 │ 8.326672684688674e-17   │
│ 2       │ 2 │ 0.10000000000000002  │ -0.19999999999999996 │ 0.10000000000000002 │ 8.326672684688674e-17   │
└─────────┴───┴──────────────────────┴──────────────────────┴─────────────────────┴─────────────────────────┘

【6. 失败边界与自检】
2帧不能输出连续重复00： Infinity
通过：DP/枚举一致、非法概率和含blank目标拒绝、重复帧数边界。

【7. 真实训练CTC logits，与第20章完整图像模型区分】
真实可微CTC实验（直接训练logits，尚无图像编码器） {
  before: 3.295836925506592,
  after: 0.01954517513513565,
  greedy: {
    path: [ 1, 0, 1 ],
    labels: [ 1, 1 ],
    logProbability: -0.0195453099547297
  },
  beam: {
    labels: [ 1, 1 ],
    logProbability: -0.0195453099547297,
    probability: 0.9806444612258793
  }
}
释放后张量数 0

============================
Hi, looks like you are running TensorFlow.js in Node.js. To speed things up dramatically, install our node backend, visit https://github.com/tensorflow/tfjs-node for more details. 
============================
