第24章：后处理与独立评估；固定教学输入，不是照片识别成绩。

【实验1：从前缀、三种候选到完整回溯】
真值=1203 (m=4)，预测=123 (n=3)；表尺寸=5×4
第一行是空真值的插入成本，第一列是空预测的删除成本。
┌─────────┬───┬───┬───┬───┐
│ (index) │ 0 │ 1 │ 2 │ 3 │
├─────────┼───┼───┼───┼───┤
│ 0       │ 0 │ 1 │ 2 │ 3 │
│ 1       │ 1 │ 0 │ 1 │ 2 │
│ 2       │ 2 │ 1 │ 0 │ 1 │
│ 3       │ 3 │ 2 │ 1 │ 1 │
│ 4       │ 4 │ 3 │ 2 │ 1 │
└─────────┴───┴───┴───┴───┘
单格d[3,2]：120 → 12，当前字符0与2不同：
┌─────────┬───────────┬─────────────┬──────────┬──────┬───────────┐
│ (index) │ operation │ predecessor │ previous │ cost │ candidate │
├─────────┼───────────┼─────────────┼──────────┼──────┼───────────┤
│ 0       │ 'S'       │ 'd[2,1]'    │ 1        │ 1    │ 2         │
│ 1       │ 'D'       │ 'd[2,2]'    │ 0        │ 1    │ 1         │
│ 2       │ 'I'       │ 'd[3,1]'    │ 2        │ 1    │ 3         │
└─────────┴───────────┴─────────────┴──────────┴──────┴───────────┘
三候选2/1/3，取删除成本1；最后3匹配使d[4,3]=1。
"1203" → "123"；距离=1，S/D/I=0/1/0
┌─────────┬───────────┬───────┬────────────┬────────────┬─────────────────┐
│ (index) │ operation │ truth │ prediction │ truthIndex │ predictionIndex │
├─────────┼───────────┼───────┼────────────┼────────────┼─────────────────┤
│ 0       │ 'M'       │ '1'   │ '1'        │ 0          │ 0               │
│ 1       │ 'M'       │ '2'   │ '2'        │ 1          │ 1               │
│ 2       │ 'D'       │ '0'   │ null       │ 2          │ null            │
│ 3       │ 'M'       │ '3'   │ '3'        │ 3          │ 2               │
└─────────┴───────────┴───────┴────────────┴────────────┴─────────────────┘
自检通过：手算单格、完整距离和删除计数一致。

【实验2：固定平局、前导零、重复、空预测与300%】
"12" → "21"；距离=2，S/D/I=2/0/0
┌─────────┬───────────┬───────┬────────────┬────────────┬─────────────────┐
│ (index) │ operation │ truth │ prediction │ truthIndex │ predictionIndex │
├─────────┼───────────┼───────┼────────────┼────────────┼─────────────────┤
│ 0       │ 'S'       │ '1'   │ '2'        │ 0          │ 0               │
│ 1       │ 'S'       │ '2'   │ '1'        │ 1          │ 1               │
└─────────┴───────────┴───────┴────────────┴────────────┴─────────────────┘
另一条等成本路径：∅12 → 21∅，I+M+D成本也是2；本模块固定选择S+S。
"00110" → "0110"；距离=1，S/D/I=0/1/0
┌─────────┬───────────┬───────┬────────────┬────────────┬─────────────────┐
│ (index) │ operation │ truth │ prediction │ truthIndex │ predictionIndex │
├─────────┼───────────┼───────┼────────────┼────────────┼─────────────────┤
│ 0       │ 'D'       │ '0'   │ null       │ 0          │ null            │
│ 1       │ 'M'       │ '0'   │ '0'        │ 1          │ 0               │
│ 2       │ 'M'       │ '1'   │ '1'        │ 2          │ 1               │
│ 3       │ 'M'       │ '1'   │ '1'        │ 3          │ 2               │
│ 4       │ 'M'       │ '0'   │ '0'        │ 4          │ 3               │
└─────────┴───────────┴───────┴────────────┴────────────┴─────────────────┘
从右向左优先匹配，固定把第一个0记为删除；仅此不能定位照片根因。
"1" → "1111"；距离=3，S/D/I=0/0/3
┌─────────┬───────────┬───────┬────────────┬────────────┬─────────────────┐
│ (index) │ operation │ truth │ prediction │ truthIndex │ predictionIndex │
├─────────┼───────────┼───────┼────────────┼────────────┼─────────────────┤
│ 0       │ 'I'       │ null  │ '1'        │ null       │ 0               │
│ 1       │ 'I'       │ null  │ '1'        │ null       │ 1               │
│ 2       │ 'I'       │ null  │ '1'        │ null       │ 2               │
│ 3       │ 'M'       │ '1'   │ '1'        │ 0          │ 3               │
└─────────┴───────────┴───────┴────────────┴────────────┴─────────────────┘
"305" → ""；距离=3，S/D/I=0/3/0
┌─────────┬───────────┬───────┬────────────┬────────────┬─────────────────┐
│ (index) │ operation │ truth │ prediction │ truthIndex │ predictionIndex │
├─────────┼───────────┼───────┼────────────┼────────────┼─────────────────┤
│ 0       │ 'D'       │ '3'   │ null       │ 0          │ null            │
│ 1       │ 'D'       │ '0'   │ null       │ 1          │ null            │
│ 2       │ 'D'       │ '5'   │ null       │ 2          │ null            │
└─────────┴───────────┴───────┴────────────┴────────────┴─────────────────┘
CER=3/1=300%，不截断。
自检通过：前导零和重复保留，CER可以超过1。

【实验3：逐图记录、micro聚合与分母审计】
┌─────────┬────────────┬────────┬────────────┬────────────────────┬──────────┬───────────────┬─────────────────┐
│ (index) │ id         │ truth  │ prediction │ modelId            │ status   │ failureReason │ exclusionReason │
├─────────┼────────────┼────────┼────────────┼────────────────────┼──────────┼───────────────┼─────────────────┤
│ 0       │ 'exact'    │ '12'   │ '12'       │ 'teaching-fixture' │          │               │                 │
│ 1       │ 'deletion' │ '1203' │ '123'      │                    │          │               │                 │
│ 2       │ 'failed'   │ '305'  │ ''         │                    │ 'failed' │ '未找到数字'  │                 │
│ 3       │ 'pending'  │        │ '09'       │                    │          │               │                 │
│ 4       │ 'excluded' │ '7'    │ ''         │                    │ 'error'  │               │ '损坏的图片'    │
└─────────┴────────────┴────────┴────────────┴────────────────────┴──────────┴───────────────┴─────────────────┘
┌─────────┬────────────┬────────┬────────────┬─────────────┬──────┬──────┬──────┬───┬──────┐
│ (index) │ id         │ truth  │ prediction │ disposition │ S    │ D    │ I    │ N │ cer  │
├─────────┼────────────┼────────┼────────────┼─────────────┼──────┼──────┼──────┼───┼──────┤
│ 0       │ 'exact'    │ '12'   │ '12'       │ 'evaluated' │ 0    │ 0    │ 0    │ 2 │ 0    │
│ 1       │ 'deletion' │ '1203' │ '123'      │ 'evaluated' │ 0    │ 1    │ 0    │ 4 │ 0.25 │
│ 2       │ 'failed'   │ '305'  │ ''         │ 'evaluated' │ 0    │ 3    │ 0    │ 3 │ 1    │
│ 3       │ 'pending'  │ ''     │ '09'       │ 'pending'   │ null │ null │ null │ 0 │ null │
│ 4       │ 'excluded' │ '7'    │ ''         │ 'excluded'  │ null │ null │ null │ 1 │ null │
└─────────┴────────────┴────────┴────────────┴─────────────┴──────┴──────┴──────┴───┴──────┘
microCER=4/9=0.4444444444444444
整串正确率=1/3=0.3333333333333333
总数5=纳入3+待标注1+排除1；纳入失败1
┌─────────┬────────────────────┬───────────┬─────────────┬─────────────────────┐
│ (index) │ metric             │ numerator │ denominator │ value               │
├─────────┼────────────────────┼───────────┼─────────────┼─────────────────────┤
│ 0       │ '前两图microCER'   │ 1         │ 6           │ 0.16666666666666666 │
│ 1       │ '前两图CER平均'    │ 0.25      │ 2           │ 0.125               │
│ 2       │ '前两图整串正确率' │ 1         │ 2           │ 0.5                 │
└─────────┴────────────────────┴───────────┴─────────────┴─────────────────────┘
自检通过：统计单位不同导致比率不同，失败不从分母消失。

【实验4：字符与词的计数单位对照】
真值="read the book"，预测="read book"
切词结果： [ 'read', 'the', 'book' ] → [ 'read', 'book' ]
┌─────────┬───────────┬────────┬────────────┬────────────┬─────────────────┐
│ (index) │ operation │ truth  │ prediction │ truthIndex │ predictionIndex │
├─────────┼───────────┼────────┼────────────┼────────────┼─────────────────┤
│ 0       │ 'M'       │ 'read' │ 'read'     │ 0          │ 0               │
│ 1       │ 'D'       │ 'the'  │ null       │ 1          │ null            │
│ 2       │ 'M'       │ 'book' │ 'book'     │ 2          │ 1               │
└─────────┴───────────┴────────┴────────────┴────────────┴─────────────────┘
WER=1/3=0.3333333333333333；码点CER=4/13
真值="00110"，预测="0110"
切词结果： [ '00110' ] → [ '0110' ]
┌─────────┬───────────┬─────────┬────────────┬────────────┬─────────────────┐
│ (index) │ operation │ truth   │ prediction │ truthIndex │ predictionIndex │
├─────────┼───────────┼─────────┼────────────┼────────────┼─────────────────┤
│ 0       │ 'S'       │ '00110' │ '0110'     │ 0          │ 0               │
└─────────┴───────────┴─────────┴────────────┴────────────┴─────────────────┘
WER=1/1=1；码点CER=1/5
自检通过：无空格数字串被当一个词，WER不能解释具体漏了几位。

【实验5：Bigram计数→平滑→概率→整句对数概率】
┌─────────┬──────────┬──────────────────────────┐
│ (index) │ sentence │ tokens                   │
├─────────┼──────────┼──────────────────────────┤
│ 0       │ 1        │ '<s> read the book </s>' │
│ 1       │ 2        │ '<s> read the book </s>' │
│ 2       │ 3        │ '<s> read the back </s>' │
│ 3       │ 4        │ '<s> read a book </s>'   │
└─────────┴──────────┴──────────────────────────┘
后继词表V=7： [
  '</s>', '<unk>',
  'a',    'back',
  'book', 'read',
  'the'
]
┌─────────┬──────────┬─────────┬───────────────┬─────────┬───────┬──────────────┬────────────────┬───────┬───────────┬─────────────┬─────────────┐
│ (index) │ previous │ word    │ previousToken │ token   │ count │ historyCount │ vocabularySize │ alpha │ numerator │ denominator │ probability │
├─────────┼──────────┼─────────┼───────────────┼─────────┼───────┼──────────────┼────────────────┼───────┼───────────┼─────────────┼─────────────┤
│ 0       │ 'the'    │ '</s>'  │ 'the'         │ '</s>'  │ 0     │ 3            │ 7              │ 1     │ 1         │ 10          │ 0.1         │
│ 1       │ 'the'    │ '<unk>' │ 'the'         │ '<unk>' │ 0     │ 3            │ 7              │ 1     │ 1         │ 10          │ 0.1         │
│ 2       │ 'the'    │ 'a'     │ 'the'         │ 'a'     │ 0     │ 3            │ 7              │ 1     │ 1         │ 10          │ 0.1         │
│ 3       │ 'the'    │ 'back'  │ 'the'         │ 'back'  │ 1     │ 3            │ 7              │ 1     │ 2         │ 10          │ 0.2         │
│ 4       │ 'the'    │ 'book'  │ 'the'         │ 'book'  │ 2     │ 3            │ 7              │ 1     │ 3         │ 10          │ 0.3         │
│ 5       │ 'the'    │ 'read'  │ 'the'         │ 'read'  │ 0     │ 3            │ 7              │ 1     │ 1         │ 10          │ 0.1         │
│ 6       │ 'the'    │ 'the'   │ 'the'         │ 'the'   │ 0     │ 3            │ 7              │ 1     │ 1         │ 10          │ 0.1         │
└─────────┴──────────┴─────────┴───────────────┴─────────┴───────┴──────────────┴────────────────┴───────┴───────────┴─────────────┴─────────────┘
历史the的整行概率和= 1
alpha增大压平计数差异，未见词获得更多概率质量：
┌─────────┬───────┬─────────────────────┬─────────────────────┬─────────────────────┐
│ (index) │ alpha │ book                │ back                │ unknown             │
├─────────┼───────┼─────────────────────┼─────────────────────┼─────────────────────┤
│ 0       │ 0.1   │ 0.5675675675675675  │ 0.2972972972972973  │ 0.02702702702702703 │
│ 1       │ 1     │ 0.3                 │ 0.2                 │ 0.1                 │
│ 2       │ 3     │ 0.20833333333333334 │ 0.16666666666666666 │ 0.125               │
└─────────┴───────┴─────────────────────┴─────────────────────┴─────────────────────┘
┌─────────┬──────────┬────────┬─────────────────────┬─────────────────────┐
│ (index) │ previous │ word   │ probability         │ logProbability      │
├─────────┼──────────┼────────┼─────────────────────┼─────────────────────┤
│ 0       │ '<s>'    │ 'read' │ 0.45454545454545453 │ -0.7884573603642702 │
│ 1       │ 'read'   │ 'the'  │ 0.36363636363636365 │ -1.0116009116784799 │
│ 2       │ 'the'    │ 'book' │ 0.3                 │ -1.2039728043259361 │
│ 3       │ 'book'   │ '</s>' │ 0.4                 │ -0.916290731874155  │
└─────────┴──────────┴────────┴─────────────────────┴─────────────────────┘
整句logProbability= -3.920321808242841
自检通过：2次book与1次back经add-one得到3/10与2/10。

【实验6：候选距离、语言权重与错误改写风险】
观测词bock，词典= [ 'back', 'book' ]
lambda=0；建议=back
┌─────────┬────────┬──────────┬─────────────────────┬───────┐
│ (index) │ word   │ distance │ languageProbability │ score │
├─────────┼────────┼──────────┼─────────────────────┼───────┤
│ 0       │ 'back' │ 1        │ 0.2                 │ -1    │
│ 1       │ 'book' │ 1        │ 0.3                 │ -1    │
└─────────┴────────┴──────────┴─────────────────────┴───────┘
lambda=1；建议=book
┌─────────┬────────┬──────────┬─────────────────────┬─────────────────────┐
│ (index) │ word   │ distance │ languageProbability │ score               │
├─────────┼────────┼──────────┼─────────────────────┼─────────────────────┤
│ 0       │ 'book' │ 1        │ 0.3                 │ -2.203972804325936  │
│ 1       │ 'back' │ 1        │ 0.2                 │ -2.6094379124341005 │
└─────────┴────────┴──────────┴─────────────────────┴─────────────────────┘
lambda=3；建议=book
┌─────────┬────────┬──────────┬─────────────────────┬────────────────────┐
│ (index) │ word   │ distance │ languageProbability │ score              │
├─────────┼────────┼──────────┼─────────────────────┼────────────────────┤
│ 0       │ 'book' │ 1        │ 0.3                 │ -4.611918412977809 │
│ 1       │ 'back' │ 1        │ 0.2                 │ -5.828313737302301 │
└─────────┴────────┴──────────┴─────────────────────┴────────────────────┘
maxDistance=0： no-candidate
数字保护： {
  original: '00110',
  suggestion: '00110',
  changed: false,
  reason: 'numeric-string-preserved',
  candidates: []
}
若bock原本就是正确词，改为book会制造错误；本实验没有图像证据、右侧上下文或真实混淆概率。
自检通过：参数改变排序，不证明候选是真值；数字不被改写。

【实验7：拒识阈值、覆盖率与原始/最终结果对照】
┌─────────┬─────┬───────┬────────────┬────────────────────┐
│ (index) │ id  │ truth │ prediction │ scores             │
├─────────┼─────┼───────┼────────────┼────────────────────┤
│ 0       │ 'A' │ '12'  │ '12'       │ [ 0.95, 0.9 ]      │
│ 1       │ 'B' │ '305' │ '308'      │ [ 0.9, 0.9, 0.55 ] │
└─────────┴─────┴───────┴────────────┴────────────────────┘
┌─────────┬───────────┬────────────────┬──────────┬──────────────────┬─────────┬───────────────────┬─────────────┐
│ (index) │ threshold │ predictions    │ coverage │ acceptedAccuracy │ fullCER │ fullExactAccuracy │ denominator │
├─────────┼───────────┼────────────────┼──────────┼──────────────────┼─────────┼───────────────────┼─────────────┤
│ 0       │ 0         │ '["12","308"]' │ 1        │ 0.5              │ 0.2     │ 0.5               │ 2           │
│ 1       │ 0.55      │ '["12","308"]' │ 1        │ 0.5              │ 0.2     │ 0.5               │ 2           │
│ 2       │ 0.8       │ '["12",""]'    │ 0.5      │ 1                │ 0.6     │ 0.5               │ 2           │
│ 3       │ 0.91      │ '["",""]'      │ 0        │ null             │ 1       │ 0                 │ 2           │
└─────────┴───────────┴────────────────┴──────────┴──────────────────┴─────────┴───────────────────┴─────────────┘
自检通过：阈值0.8覆盖1/2，完整CER从0.2升到0.6；0.91全拒识仍有2张分母。

【实验8：空值与无效输入的可见处理】
输入= [] ，CER= null ，整串正确率= null
输入= [{"prediction":"09"}] ，CER= null ，整串正确率= null
输入= [{"exclusionReason":"损坏文件"}] ，CER= null ，整串正确率= null
通用空串对齐= {
  distance: 0,
  substitutions: 0,
  deletions: 0,
  insertions: 0,
  alignment: []
} ；数字评估中空真值表示待标注。
真值数值110 → records[0].truth 必须是字符串
真值含前置空格 → records[0].truth 必须是非空 0–9 字符串或待标注空值
得分维度不足 → scores 须与预测码点数相同，且每项为 [0, 1] 内的有限数值
自检通过：没有把无标签当0%错误，没有隐式转数值或清理非法字符。

八组实验及全部内置自检通过。下一章将原始预测交给独立评估，不传答案给识别器。
