============================================================
第 12 章：模板匹配
============================================================

============================================================
1. 相似度度量方法
============================================================

测试向量:
  A = [1, 2, 3, 4, 5]
  B = [1.1, 2.1, 3.1, 4.1, 5.1]  (与 A 相似)
  C = [5, 4, 3, 2, 1]  (与 A 反向)
  D = [10, 20, 30, 40, 50] (与 A 成比例)

欧氏距离（越小越相似）:
  d(A, B) = 0.2236
  d(A, C) = 6.3246
  d(A, D) = 66.7458

余弦距离（越小越相似，0-2 范围）:
  d(A, B) = 0.0001
  d(A, C) = 0.3636
  d(A, D) = 0.0000 (比例缩放，方向相同)

归一化相关系数（1 表示完全相关，-1 表示完全负相关）:
  NCC(A, B) = 1.0000
  NCC(A, C) = -1.0000
  NCC(A, D) = 1.0000

============================================================
2. 构建模板库
============================================================

创建数字 0-9 的模板...

模板库统计:
  - 类别数量: 10
  - 模板总数: 10
  - 类别分布: {"0":1,"1":1,"2":1,"3":1,"4":1,"5":1,"6":1,"7":1,"8":1,"9":1}

模板 "0":
                            
                            
                            
                            
            ██████          
          ███    ███        
         ██        ██       
        ██          ██      
       ███          ███     
       ██            ██     
       ██            ██     
      ██              ██    
      ██              ██    
      ██              ██    
      ██              ██    
      ██              ██    
      ██              ██    
      ██              ██    
       ██            ██     
       ██            ██     
       ███          ███     
        ██          ██      
         ██        ██       
          ███    ███        
            ██████          
                            
                            
                            


模板 "1":
                            
                            
                            
                            
             ███            
            █ ██            
              ██            
              ██            
              ██            
              ██            
              ██            
              ██            
              ██            
              ██            
              ██            
              ██            
              ██            
              ██            
              ██            
              ██            
              ██            
              ██            
              ██            
              ██            
                            
                            
                            
                            


模板 "7":
                            
                            
                            
                            
      █████████████████     
      █████████████████     
                    ██      
                    ██      
                   ██       
                   ██       
                  ██        
                  ██        
                 ██         
                 ██         
                ██          
                ██          
               ██           
               ██           
              ██            
              ██            
             ██             
             ██             
            ██              
            ██              
                            
                            
                            
                            


============================================================
3. 字符识别
============================================================

识别结果:

  测试数字 "0":
    - 识别结果: 0
    - 距离: 0.0000
    - 置信度: 99.9%
    - Top 3 候选: 0(99.9%), 5(0.0%), 9(0.0%)

  测试数字 "3":
    - 识别结果: 3
    - 距离: 0.0000
    - 置信度: 89.3%
    - Top 3 候选: 3(89.3%), 1(6.0%), 5(2.4%)

  测试数字 "7":
    - 识别结果: 7
    - 距离: 0.0000
    - 置信度: 95.7%
    - Top 3 候选: 7(95.7%), 3(2.1%), 1(0.9%)

  测试数字 "9":
    - 识别结果: 9
    - 距离: 0.0000
    - 置信度: 86.0%
    - Top 3 候选: 9(86.0%), 6(7.0%), 2(6.8%)

============================================================
4. 噪声对识别的影响
============================================================

原始图像 vs 加噪图像:

原始 "5":
                            
                            
                            
                            
        █████████████       
        █                   
        █                   
        █                   
        █                   
        █                   
        █                   
        █                   
        █                   
        █████████████       
                    █       
                    █       
                    █       
                    █       
                    █       
                    █       
                    █       
                    █       
                    █       
        █████████████       
                            
                            
                            
                            

噪声影响分析:
  原始图像: 识别为 "5", 置信度 95.1%
  10% 噪声: 识别为 "5", 置信度 95.0%
  30% 噪声: 识别为 "5", 置信度 95.0%
  50% 噪声: 识别为 "5", 置信度 95.0%

============================================================
5. 拒绝阈值（识别未知字符）
============================================================

模板库只包含 0-4，测试识别 0-9:
  数字 "0": ✓ 识别为 "0" (距离 0.00)
  数字 "1": ✓ 识别为 "1" (距离 0.00)
  数字 "2": ✓ 识别为 "2" (距离 0.00)
  数字 "3": ✓ 识别为 "3" (距离 0.00)
  数字 "4": ✓ 识别为 "4" (距离 0.00)
  数字 "5": ✓ 识别为 "3" (距离 3.64)
  数字 "6": ✓ 识别为 "2" (距离 1.66)
  数字 "7": ✓ 识别为 "3" (距离 3.81)
  数字 "8": ❌ 拒绝识别 (距离 5.65 > 阈值 5.0)
  数字 "9": ✓ 识别为 "2" (距离 2.53)

============================================================
6. 不同距离度量方法比较
============================================================

使用不同度量方法识别数字 "8":
  euclidean   : 识别为 "8", 置信度 98.6%
  manhattan   : 识别为 "8", 置信度 100.0%
  cosine      : 识别为 "8", 置信度 17.5%
  correlation : 识别为 "8", 置信度 19.0%

============================================================
7. 导出和导入模板库
============================================================

导出模板库:
  - 选项: {"distanceMetric":"euclidean","featureType":"combined","imageSize":28,"padding":0.1,"rejectThreshold":null,"aggregation":"min"}
  - 类别数: 10

导入后验证:
  - 类别数量: 10
  - 模板总数: 10
  - 识别测试: 输入 "3" → 识别为 "3"

============================================================
8. 模板匹配的局限性
============================================================

模板匹配适用于：
✓ 标准印刷体字符
✓ 字符类别有限且固定
✓ 输入质量较高

模板匹配的局限：
✗ 对旋转、倾斜敏感
✗ 对字体变化敏感
✗ 对手写体效果差
✗ 无法识别模板库外的字符
✗ 计算量随模板数量线性增长

下一步：
→ 第 13 章将学习 KNN 分类器
→ 通过多个最近邻投票决定类别
→ 更好地处理模板之间的变化

============================================================
总结
============================================================

模板匹配是最简单直观的 OCR 识别方法：

1. 核心思想
   - 将待识别字符与预存模板逐一比较
   - 选择最相似的模板作为识别结果

2. 相似度度量
   - 欧氏距离：直观，对尺度敏感
   - 余弦相似度：只关注方向，对尺度不敏感
   - 相关系数：对亮度/对比度变化鲁棒

3. 关键步骤
   - 预处理：尺寸归一化、居中对齐
   - 特征提取：可使用像素、统计、投影等特征
   - 距离计算：选择合适的度量方法
   - 决策：最近邻 + 可选的拒绝阈值

4. 实际应用
   - 银行支票识别
   - OCR-A/OCR-B 字体识别
   - 车牌号识别（固定字体）

============================================================
示例运行完成！
============================================================
