
================================================================
实验 1：不翻核的互相关：看清每个乘加项
================================================================
输入，形状 [1,3,3]
  通道 0
     1.000    2.000    3.000
     4.000    5.000    6.000
     7.000    8.000    9.000
核切片，形状 [1,2,2]
  通道 0
     1.000    2.000
     3.000    4.000
互相关输出，形状 [1,2,2]
  通道 0
    37.000   47.000
    67.000   77.000
左上：1×1+2×2+4×3+5×4=37。若先翻核180°，左上变成1×4+2×3+4×2+5×1=23。
自检通过：非对称核证明当前约定不翻核。

================================================================
实验 2：跨输入通道相加，偏置每个输出只加一次
================================================================
两通道输入，形状 [2,3,3]
  通道 0
     1.000    2.000    3.000
     4.000    5.000    6.000
     7.000    8.000    9.000
  通道 1
     1.000    1.000    1.000
     1.000    1.000    1.000
     1.000    1.000    1.000
输出0的两个核切片，形状 [2,2,2]
  通道 0
     1.000    0.000
     0.000   -1.000
  通道 1
     1.000    1.000
     1.000    1.000
一个输出通道，形状 [1,2,2]
  通道 0
     0.500    0.500
     0.500    0.500
左上：通道0贡献1−5=−4；通道1贡献1+1+1+1=4；偏置0.5；总和0.5。

================================================================
实验 3：步幅与零填充改变输出形状和边缘数值
================================================================
stride=1, padding=0，形状 [1,2,2]
  通道 0
    12.000   16.000
    24.000   28.000
stride=2, padding=0，形状 [1,1,1]
  通道 0
    12.000
stride=2, padding=1，形状 [1,2,2]
  通道 0
     1.000    5.000
    11.000   28.000
stride2,padding1 的左上窗口 [0,0;0,1]，和为1；右下 [5,6;8,9]，和为28。
Hout=floor((H+2P−Kh)/S)+1；不完整的最后一个窗口不计算。

================================================================
实验 4：参数共享：比较相同输入与输出的三种连接方式
================================================================
┌─────────┬───────────┬───────────────┬─────────────┬──────────────────┬────────────────┬─────────────────────┐
│ (index) │ inputSize │ outputShape   │ convolution │ locallyConnected │ fullyConnected │ multiplyAccumulates │
├─────────┼───────────┼───────────────┼─────────────┼──────────────────┼────────────────┼─────────────────────┤
│ 0       │ '28×28'   │ [ 8, 28, 28 ] │ 80          │ 62720            │ 4923520        │ 56448               │
│ 1       │ '56×56'   │ [ 8, 56, 56 ] │ 80          │ 250880           │ 78701056       │ 225792              │
└─────────┴───────────┴───────────────┴─────────────┴──────────────────┴────────────────┴─────────────────────┘
共享卷积参数=8×(1×3×3+1)=80；图像放大2倍，参数不变，窗口乘加约为4倍。

================================================================
实验 5：ReLU、最大/平均池化和信息损失
================================================================
原始特征图，形状 [1,3,3]
  通道 0
    -4.000   -2.000   99.000
    -3.000   -1.000   99.000
    99.000   99.000   99.000
ReLU，形状 [1,3,3]
  通道 0
     0.000    0.000   99.000
     0.000    0.000   99.000
    99.000   99.000   99.000
原始特征图上最大池化2×2,s2，形状 [1,1,1]
  通道 0
    -1.000
原始特征图上平均池化2×2,s2，形状 [1,1,1]
  通道 0
    -2.500
左上窗口 max=−1、average=−2.5；右侧/底部99在floor模式下丢弃，降采样可能漏掉细笔画。
四个窗口共享中心最大值时的输入梯度，形状 [1,3,3]
  通道 0
     0.000    0.000    0.000
     0.000    4.000    0.000
     0.000    0.000    0.000
中心收到4条路径的梯度，累加成4。并列最大值取行优先第一个位置。

================================================================
实验 6：卷积训练梯度：独立数值差分与一次真实下降
================================================================
L=sum(Y) 的 dL/dX，形状 [2,3,3]
  通道 0
     1.000    1.000    0.000
     1.000    0.000   -1.000
     0.000   -1.000   -1.000
  通道 1
     1.000    2.000    1.000
     2.000    4.000    2.000
     1.000    2.000    1.000
dL/dK 的两个切片，形状 [2,2,2]
  通道 0
    12.000   16.000
    24.000   28.000
  通道 1
     4.000    4.000
     4.000    4.000
dL/db=4；每个输出点贡献1，总计4。
┌─────────┬──────────────┬────────────┬─────────────────┬────────────────────────┐
│ (index) │ parameter    │ analytical │ numerical       │ error                  │
├─────────┼──────────────┼────────────┼─────────────────┼────────────────────────┤
│ 0       │ 'K[0,0,0,0]' │ 12         │ 12.000000000012 │ 1.1999290450148692e-11 │
└─────────┴──────────────┴────────────┴─────────────────┴────────────────────────┘
另定义局部 L=½ΣY²，η=0.01，一次权重更新：0.025 → 0.020238499999999996
自检通过。这是局部卷积学习验证，不是完整CNN训练；Sobel梯度也不是这些损失偏导。

================================================================
实验 7：38个手工参数的CNN：完整逐层前向
================================================================
输入 vertical，形状 [1,6,6]
  通道 0
     0.000    0.000    1.000    0.000    0.000    0.000
     0.000    0.000    1.000    0.000    0.000    0.000
     0.000    0.000    1.000    0.000    0.000    0.000
     0.000    0.000    1.000    0.000    0.000    0.000
     0.000    0.000    1.000    0.000    0.000    0.000
     0.000    0.000    1.000    0.000    0.000    0.000
卷积，形状 [2,4,4]
  通道 0
    -0.500    1.000   -0.500    0.000
    -0.500    1.000   -0.500    0.000
    -0.500    1.000   -0.500    0.000
    -0.500    1.000   -0.500    0.000
  通道 1
     0.000    0.000    0.000    0.000
     0.000    0.000    0.000    0.000
     0.000    0.000    0.000    0.000
     0.000    0.000    0.000    0.000
ReLU，形状 [2,4,4]
  通道 0
     0.000    1.000    0.000    0.000
     0.000    1.000    0.000    0.000
     0.000    1.000    0.000    0.000
     0.000    1.000    0.000    0.000
  通道 1
     0.000    0.000    0.000    0.000
     0.000    0.000    0.000    0.000
     0.000    0.000    0.000    0.000
     0.000    0.000    0.000    0.000
最大池化，形状 [2,2,2]
  通道 0
     1.000    0.000
     1.000    0.000
  通道 1
     0.000    0.000
     0.000    0.000
Flatten(CHW)=[1,0,1,0,0,0,0,0]
logits=[0.5,0]，Softmax=[0.6224593312018546,0.37754066879814546]，类别=竖线
总参数=38=卷积20+全连接18；形状1×6×6→2×4×4→2×2×2→8→2。
输入 horizontal，形状 [1,6,6]
  通道 0
     0.000    0.000    0.000    0.000    0.000    0.000
     0.000    0.000    0.000    0.000    0.000    0.000
     1.000    1.000    1.000    1.000    1.000    1.000
     0.000    0.000    0.000    0.000    0.000    0.000
     0.000    0.000    0.000    0.000    0.000    0.000
     0.000    0.000    0.000    0.000    0.000    0.000
卷积，形状 [2,4,4]
  通道 0
     0.000    0.000    0.000    0.000
     0.000    0.000    0.000    0.000
     0.000    0.000    0.000    0.000
     0.000    0.000    0.000    0.000
  通道 1
    -0.500   -0.500   -0.500   -0.500
     1.000    1.000    1.000    1.000
    -0.500   -0.500   -0.500   -0.500
     0.000    0.000    0.000    0.000
ReLU，形状 [2,4,4]
  通道 0
     0.000    0.000    0.000    0.000
     0.000    0.000    0.000    0.000
     0.000    0.000    0.000    0.000
     0.000    0.000    0.000    0.000
  通道 1
     0.000    0.000    0.000    0.000
     1.000    1.000    1.000    1.000
     0.000    0.000    0.000    0.000
     0.000    0.000    0.000    0.000
最大池化，形状 [2,2,2]
  通道 0
     0.000    0.000
     0.000    0.000
  通道 1
     1.000    1.000
     0.000    0.000
Flatten(CHW)=[0,0,0,0,1,1,0,0]
logits=[0,0.5]，Softmax=[0.37754066879814546,0.6224593312018546]，类别=横线
总参数=38=卷积20+全连接18；形状1×6×6→2×4×4→2×2×2→8→2。

================================================================
实验 8：位移与空白的失败对照、输入拒绝
================================================================
┌─────────┬──────────┬───────────────┬─────────────────┬────────────────────┐
│ (index) │ position │ verticalLogit │ horizontalLogit │ verticalScore      │
├─────────┼──────────┼───────────────┼─────────────────┼────────────────────┤
│ 0       │ 0        │ 0             │ 0               │ 0.5                │
│ 1       │ 1        │ 0.5           │ 0               │ 0.6224593312018546 │
│ 2       │ 2        │ 0.5           │ 0               │ 0.6224593312018546 │
│ 3       │ 3        │ 0.5           │ 0               │ 0.6224593312018546 │
│ 4       │ 4        │ 0.5           │ 0               │ 0.6224593312018546 │
│ 5       │ 5        │ 0             │ 0               │ 0.5                │
└─────────┴──────────┴───────────────┴─────────────────┴────────────────────┘
全零输入两个得分=[0.5,0.5]；不能区分，argmax选第一个只是并列规则。
通道不匹配：已拒绝，输入通道与卷积核输入通道不匹配
stride为0：已拒绝，stride 必须是 >= 1 的整数

全部实验与自检完成。这里未训练数字分类器；下一章用框架组织可复现训练流程。
