

╔════════════════════════════════════════════════════════════╗
║           01. 数字图像基础 (Digital Image Fundamentals)    ║
║                   OCR 学习项目 - 第一章                    ║
╚════════════════════════════════════════════════════════════╝

============================================================
📍 演示 1：什么是像素（Pixel）
============================================================

【定义】
像素（Pixel）= Picture Element（图像元素）的缩写
是构成数字图像的最小单位，每个像素存储一个颜色值。

【类比】
把图像想象成一幅马赛克画：
- 每一个小方块 = 一个像素
- 小方块的颜色 = 像素的颜色值
- 所有小方块组合起来 = 完整的图像

【示例】
一个 4×3 的小图像：
┌───┬───┬───┬───┐
│ R │ G │ B │ Y │   R=红, G=绿, B=蓝, Y=黄
├───┼───┼───┼───┤
│ C │ M │ W │ K │   C=青, M=品红, W=白, K=黑
├───┼───┼───┼───┤
│ G │ G │ G │ G │   G=灰色
└───┴───┴───┴───┘
这张图像有 4×3 = 12 个像素


============================================================
📐 演示 2：分辨率（Resolution）
============================================================

【常见分辨率对比】

分辨率名称      宽度    高度    像素总数        RGB数据大小
-----------------------------------------------------------------
VGA              640  ×  480         307,200      0.88 MiB
HD (720p)       1280  ×  720         921,600      2.64 MiB
Full HD (1080p) 1920  × 1080       2,073,600      5.93 MiB
QHD (1440p)     2560  × 1440       3,686,400     10.55 MiB
4K              3840  × 2160       8,294,400     23.73 MiB
8K              7680  × 4320      33,177,600     94.92 MiB

【重要公式】
像素总数 = 宽度 × 高度
RGB图像数据大小（字节） = 像素总数 × 3
RGBA图像数据大小（字节） = 像素总数 × 4

============================================================
🎨 演示 3：RGB 色彩空间
============================================================

【什么是 RGB？】
RGB 是一种加色模型（Additive Color Model）：
- R（Red）  = 红色通道
- G（Green）= 绿色通道
- B（Blue） = 蓝色通道

每个通道的取值范围：0 ~ 255（共 256 个级别）
一个像素可以表示的颜色数：256 × 256 × 256 = 16,777,216 种

【颜色混合原理】
红 + 绿 = 黄
红 + 蓝 = 品红
绿 + 蓝 = 青
红 + 绿 + 蓝 = 白

【常见颜色的 RGB 值】

  RED        RGB(255,   0,   0)  #ff0000
  GREEN      RGB(  0, 255,   0)  #00ff00
  BLUE       RGB(  0,   0, 255)  #0000ff
  WHITE      RGB(255, 255, 255)  #ffffff
  BLACK      RGB(  0,   0,   0)  #000000
  YELLOW     RGB(255, 255,   0)  #ffff00
  CYAN       RGB(  0, 255, 255)  #00ffff
  MAGENTA    RGB(255,   0, 255)  #ff00ff
  GRAY       RGB(128, 128, 128)  #808080

============================================================
⬛ 演示 4：灰度（Grayscale）
============================================================

【什么是灰度图？】
灰度图是只有一个通道的图像，每个像素只有一个值（0-255）。

0   = 纯黑 ████
64  = 深灰 ░░░░
128 = 中灰 ▒▒▒▒
192 = 浅灰 ▓▓▓▓
255 = 纯白 ⬜⬜⬜⬜

【灰度的特点】
1. 紧凑8-bit单通道数据量是RGB的1/3；Canvas灰度仍是4字节RGBA
2. 当 R = G = B 时，彩色图显示为灰色
3. OCR 通常先将彩色图转为灰度图，简化处理

【灰度转换公式（借用 BT.601 系数的编码值近似）】
Gray = 0.299 × R + 0.587 × G + 0.114 × B

为什么权重不同？
- 人眼对绿色最敏感（权重最大：0.587）
- 对红色次之（0.299）
- 对蓝色最不敏感（0.114）

【颜色转灰度示例】

  纯红: RGB(255, 0, 0) → 灰度值: 76
  纯绿: RGB(0, 255, 0) → 灰度值: 150
  纯蓝: RGB(0, 0, 255) → 灰度值: 29
  黄色: RGB(255, 255, 0) → 灰度值: 226
  白色: RGB(255, 255, 255) → 灰度值: 255

============================================================
📊 演示 5：图像的矩阵表示
============================================================

【灰度图的二维矩阵表示】

一个 3×3 的灰度图像：

JavaScript 代码：
const grayImage = [
    [ 50, 100, 150],
    [ 75, 125, 175],
    [100, 150, 200]
];

可视化（数值越大越亮）：
┌─────┬─────┬─────┐
│  50 │ 100 │ 150 │
├─────┼─────┼─────┤
│  75 │ 125 │ 175 │
├─────┼─────┼─────┤
│ 100 │ 150 │ 200 │
└─────┴─────┴─────┘

【RGB图的一维数组表示（ImageData格式）】

一个 2×2 的 RGBA 图像：
┌─────────────┬─────────────┐
│   红色      │   绿色      │
├─────────────┼─────────────┤
│   蓝色      │   黄色      │
└─────────────┴─────────────┘

在 Canvas 的 ImageData.data 中的存储方式：
（一个一维的 Uint8ClampedArray）

索引:    0   1   2   3   4   5   6   7   8   9  10  11  12  13  14  15
值  :  255   0   0 255   0 255   0 255   0   0 255 255 255 255   0 255
通道:    R   G   B   A   R   G   B   A   R   G   B   A   R   G   B   A
像素:    ←─── 像素0 ───→    ←─── 像素1 ───→    ←─── 像素2 ───→    ←─── 像素3 ───→

============================================================
🔢 演示 6：像素索引计算
============================================================

【核心问题】
图像以一维数组存储，如何访问特定位置的像素？

【二维坐标到一维索引的转换】

对于一个宽度为 width 的图像：
位置 (x, y) 的像素索引 = y × width + x

对于 RGBA 格式（每像素4字节）：
位置 (x, y) 的 R 值索引 = (y × width + x) × 4 + 0
位置 (x, y) 的 G 值索引 = (y × width + x) × 4 + 1
位置 (x, y) 的 B 值索引 = (y × width + x) × 4 + 2
位置 (x, y) 的 A 值索引 = (y × width + x) × 4 + 3

【示例：4×3 图像的像素索引】

像素坐标网格：
     x=0   x=1   x=2   x=3
y=0  [ 0]   [ 1]   [ 2]   [ 3]   
y=1  [ 4]   [ 5]   [ 6]   [ 7]   
y=2  [ 8]   [ 9]   [10]   [11]   

像素索引 → RGBA数组索引：
像素0 的 RGBA 在数组索引 [0, 1, 2, 3]
像素5 的 RGBA 在数组索引 [20, 21, 22, 23]
像素11 的 RGBA 在数组索引 [44, 45, 46, 47]

============================================================
💾 演示 7：位深度（Bit Depth）
============================================================

【什么是位深度？】
位深度表示每个像素（或通道）使用多少位（bit）来存储颜色信息。

【常见位深度】

┌──────────┬────────────┬─────────────────────────────┐
│ 位深度   │ 颜色级别   │ 说明                        │
├──────────┼────────────┼─────────────────────────────┤
│ 1-bit    │ 2          │ 黑白（二值图像）            │
│ 8-bit    │ 256        │ 灰度图 / 每个 RGB 通道      │
│ 24-bit   │ 16,777,216 │ 真彩色（8位 × 3通道）       │
│ 32-bit   │ + Alpha    │ 带透明度（8位 × 4通道）     │
└──────────┴────────────┴─────────────────────────────┘

【计算颜色数量】
颜色数量 = 2^位深度

1-bit:  2^1  = 2 种颜色
8-bit:  2^8  = 256 种颜色
24-bit: 2^24 = 16,777,216 种颜色

【对 OCR 的影响】
- OCR 通常将图像转为二值图（1-bit）
- 文字变成纯黑，背景变成纯白
- 这大大简化了后续处理


============================================================
🖼️ 演示 8：模拟 ImageData 操作
============================================================

创建一个 3×3 的图像并设置像素：

课程模拟容器默认白色不透明；原生 new ImageData(w,h) 默认透明黑。
A=0透明，A=255不透明；alpha不是亮度，RGB读写为非预乘值。
图像布局：
┌───────┬───────┬───────┐
│  红   │  绿   │  蓝   │
├───────┼───────┼───────┤
│  黄   │  灰   │  青   │
├───────┼───────┼───────┤
│ 品红  │  黑   │  白   │
└───────┴───────┴───────┘

读取每个像素的 RGB 值：

  位置(0, 0): RGB(255,   0,   0)
  位置(1, 0): RGB(  0, 255,   0)
  位置(2, 0): RGB(  0,   0, 255)
  位置(0, 1): RGB(255, 255,   0)
  位置(1, 1): RGB(128, 128, 128)
  位置(2, 1): RGB(  0, 255, 255)
  位置(0, 2): RGB(255,   0, 255)
  位置(1, 2): RGB(  0,   0,   0)
  位置(2, 2): RGB(255, 255, 255)

完整的 data 数组（前36个值，共9个像素）：
[255, 0, 0, 255, 0, 255, 0, 255, 0, 0, 255, 255, 255, 255, 0, 255, 128, 128, 128, 255, 0, 255, 255, 255, 255, 0, 255, 255, 0, 0, 0, 255, 255, 255, 255, 255]

============================================================
📚 本章总结
============================================================

【核心知识点回顾】

1. 像素（Pixel）是图像的最小单位
2. 分辨率 = 宽度 × 高度（像素数）
3. RGB 色彩空间：每个像素由 R、G、B 三个通道组成
4. 每个通道取值 0-255（8位）
5. 图像以矩阵形式存储在内存中
6. Canvas 使用一维数组存储 RGBA 数据

【与 OCR 的关联】

这些基础知识是 OCR 开发的根基：
- 后续的灰度化操作需要理解 RGB 通道
- 二值化需要理解灰度值的范围
- 所有图像处理都是对像素矩阵的数学运算

【下一步学习】

继续学习 02. JavaScript 图像处理基础，
学习如何使用 Canvas API 在浏览器中操作图像数据。

