

╔════════════════════════════════════════════════════════════════╗
║              03. 灰度化 (Grayscale Conversion)                 ║
║                    OCR 学习项目 - 第三章                       ║
╚════════════════════════════════════════════════════════════════╝

前置知识：01. 数字图像基础 ✅  |  02. JS图像处理基础 ✅


============================================================
📖 演示 1：为什么要灰度化？
============================================================

【灰度化的意义】

灰度化是 OCR 预处理的第一步，主要原因：

1. 【降低复杂度】
   - 彩色图：每像素 3 个通道（RGB）= 3 字节
   - 灰度图：每像素 1 个通道 = 1 字节
   - 上述紧凑存储才减少2/3；本项目RGBA存储不变

2. 【去除颜色干扰】
   - 很多OCR利用强度形状，颜色也可能是有用信息
   - 本加权法纯红为76、纯蓝为29；等灰度异色可能无法再区分
   - 简化了后续处理逻辑

3. 【为二值化做准备】
   - 二值化需要单通道输入
   - 灰度图是彩色图到二值图的桥梁

4. 【提高处理速度】
   - 算法只需处理一个通道
   - 后续可以只读取R，实际加速取决于算法

【OCR 预处理流水线】

┌──────────┐     ┌──────────┐     ┌──────────┐     ┌──────────┐
│  彩色图  │ ──▶ │  灰度图  │ ──▶ │  二值图  │ ──▶ │ 文字检测 │
└──────────┘     └──────────┘     └──────────┘     └──────────┘
                  ↑ 当前学习


============================================================
🔬 演示 2：灰度化算法对比
============================================================

【不同算法对同一颜色的转换结果】

颜色        RGB值              加权法  平均值  最大值  最小值  R通道  G通道  B通道
-----------------------------------------------------------------------------------------------
纯红色        (255,  0,  0)         76      85     255       0    255      0      0
纯绿色        (  0,255,  0)        150      85     255       0      0    255      0
纯蓝色        (  0,  0,255)         29      85     255       0      0      0    255
黄色         (255,255,  0)        226     170     255       0    255    255      0
青色         (  0,255,255)        179     170     255       0      0    255    255
品红         (255,  0,255)        105     170     255       0    255      0    255
白色         (255,255,255)        255     255     255     255    255    255    255
灰色         (128,128,128)        128     128     128     128    128    128    128
肤色         (255,200,170)        213     208     255     170    255    200    170


【观察结论】

1. 纯绿色的加权灰度值(150)远高于纯红色(76)和纯蓝色(29)
   → 因为人眼对绿色最敏感

2. 平均值法给三种颜色相同的灰度值(85)
   → 不符合人眼感知

3. 最大值法结果偏亮，最小值法结果偏暗
   → 特殊场景使用

4. 对于白色和灰色，所有算法结果相同
   → 因为 R=G=B 时，各公式等价


============================================================
📐 演示 3：加权公式的数学原理
============================================================

【为什么绿色权重最大？】

系数来自色彩原色和亮度定义，不能当作L/M/S视锥细胞的相对敏感度。

【编码值近似与线性光亮度】

1. BT.601系数直接加权编码RGB：Gray=0.299R+0.587G+0.114B（本课程默认）。
2. BT.709系数直接加权：0.2126R+0.7152G+0.0722B，仍不是sRGB线性亮度。
3. sRGB相对亮度：先用分段传递函数解码到线性RGB，再按0.2126/0.7152/0.0722计算Y，
   最后重新编码中性灰供显示。不能只换系数而省略解码/编码。

【权重验证】

所有权重之和 = 0.299 + 0.587 + 0.114 = 1.0
这确保了白色 (255,255,255) 转换后仍是 255。

验证：0.299×255 + 0.587×255 + 0.114×255 = 255 ✓


【定义反例：编码值、亮度、中位数】
纯红：BT.601快速灰度=76，线性亮度再编码灰=127
RGB(255,128,64)：158.677→159；alpha仍为128
[0,255] 的直方图统计： { min: 0, max: 255, mean: 127.5, median: 127.5, mode: 0, std: 127.5 }
灰度保留alpha；HTML在处理前合成白底，透明像素不会被当作黑字。

============================================================
📊 演示 4：灰度直方图
============================================================

【什么是灰度直方图？】

灰度直方图统计图像中每个灰度值（0-255）出现的次数。
横轴：灰度值（0=黑，255=白）
纵轴：该灰度值的像素数量

【示例分析】

创建了一个 10×10 的测试图像，包含三个主要灰度区域：
- 暗区域：灰度 ≈ 50（深灰）
- 中间区域：灰度 ≈ 120（中灰）
- 亮区域：灰度 ≈ 200（浅灰）

【统计结果】

最小灰度值: 48
最大灰度值: 205
平均灰度值: 117.3
中位数: 120
众数: 50
标准差: 62.1

【直方图的用途】

1. 分析图像亮度分布
   - 直方图集中在左侧 → 图像偏暗
   - 直方图集中在右侧 → 图像偏亮
   - 直方图分布均匀 → 对比度好

2. 选择二值化阈值（下一章重点）
   - 如果直方图有两个明显的峰，峰之间的谷就是好的阈值

3. 图像增强
   - 直方图均衡化可以增强对比度


【直方图可视化（部分灰度值）】

暗区(48-55):
   48: ████ (4)
   49: ██ (2)
   50: ████████ (8)
   51: ███████ (7)
   52: ████████ (8)
   53: ████ (4)
   54: ██████ (6)
   55: █ (1)

中区(118-125):
  118: ███ (3)
  119: ██ (2)
  120: ██████ (6)
  121: ████ (4)
  122: ██████ (6)
  123: ███ (3)
  124: ████ (4)
  125: ██ (2)

亮区(198-205):
  198: ███ (3)
  199: ███ (3)
  200: ██████ (6)
  201: █████ (5)
  202: █████ (5)
  203: ███ (3)
  204: ████ (4)
  205: █ (1)


============================================================
🔄 演示 5：完整的灰度化流程
============================================================

【原始彩色图像 4×4】

  位置      RGB值           颜色名
  ----------------------------------------
  (0,0)    (255,  0,  0)    红
  (1,0)    (  0,255,  0)    绿
  (2,0)    (  0,  0,255)    蓝
  (3,0)    (255,255,  0)    黄
  (0,1)    (  0,255,255)    青
  (1,1)    (255,  0,255)    品红
  (2,1)    (255,128,  0)    橙
  (3,1)    (128,  0,255)    紫
  (0,2)    (255,200,170)    肤色
  (1,2)    (  0,100,  0)    深绿
  (2,2)    (100,100,100)    灰
  (3,2)    ( 50, 50, 50)    深灰
  (0,3)    (255,255,255)    白
  (1,3)    (200,200,200)    浅灰
  (2,3)    (  0,  0,  0)    黑
  (3,3)    (255,100,100)    浅红

【加权法灰度化后】

  位置      原RGB值            灰度值  公式验证
  ------------------------------------------------------------
  (0,0)    (255,  0,  0)         76      0.299×255 + 0.587×  0 + 0.114×  0 = 76
  (1,0)    (  0,255,  0)        150      0.299×  0 + 0.587×255 + 0.114×  0 = 150
  (2,0)    (  0,  0,255)         29      0.299×  0 + 0.587×  0 + 0.114×255 = 29
  (3,0)    (255,255,  0)        226      0.299×255 + 0.587×255 + 0.114×  0 = 226
  (0,1)    (  0,255,255)        179      0.299×  0 + 0.587×255 + 0.114×255 = 179
  (1,1)    (255,  0,255)        105      0.299×255 + 0.587×  0 + 0.114×255 = 105
  (2,1)    (255,128,  0)        151      0.299×255 + 0.587×128 + 0.114×  0 = 151
  (3,1)    (128,  0,255)         67      0.299×128 + 0.587×  0 + 0.114×255 = 67
  (0,2)    (255,200,170)        213      0.299×255 + 0.587×200 + 0.114×170 = 213
  (1,2)    (  0,100,  0)         59      0.299×  0 + 0.587×100 + 0.114×  0 = 59
  (2,2)    (100,100,100)        100      0.299×100 + 0.587×100 + 0.114×100 = 100
  (3,2)    ( 50, 50, 50)         50      0.299× 50 + 0.587× 50 + 0.114× 50 = 50
  (0,3)    (255,255,255)        255      0.299×255 + 0.587×255 + 0.114×255 = 255
  (1,3)    (200,200,200)        200      0.299×200 + 0.587×200 + 0.114×200 = 200
  (2,3)    (  0,  0,  0)          0      0.299×  0 + 0.587×  0 + 0.114×  0 = 0
  (3,3)    (255,100,100)        146      0.299×255 + 0.587×100 + 0.114×100 = 146

============================================================
📚 本章总结
============================================================

【核心知识点回顾】

1. 灰度化是 OCR 预处理的第一步
2. 推荐使用加权平均法：Gray = 0.299R + 0.587G + 0.114B
3. 绿色权重最大是因为人眼对绿色最敏感
4. 灰度直方图用于分析亮度分布和选择二值化阈值

【灰度化算法对比】

| 算法     | 公式                    | 特点     |
|----------|-------------------------|----------|
| 加权法   | 0.299R+0.587G+0.114B    | 推荐使用 |
| 平均值法 | (R+G+B)/3               | 简单快速 |
| 最大值法 | max(R,G,B)              | 结果偏亮 |
| 最小值法 | min(R,G,B)              | 结果偏暗 |

【可复用模块】

已添加到 shared/imageUtils.js：
- grayscaleWeighted() - 加权平均法
- grayscaleAverage() - 平均值法
- grayscaleMax() - 最大值法
- grayscaleMin() - 最小值法
- calculateHistogram() - 计算直方图

【下一步学习】

继续学习 04. 二值化，将灰度图进一步简化为黑白图像！
二值化是 OCR 预处理的关键步骤。

