============================================================
         06. 形态学操作 (Morphological Operations)
============================================================

────────────────────────────────────────────────────────────
【1. 结构元素 (Structuring Element)】
────────────────────────────────────────────────────────────
结构元素是形态学操作的"模板"，定义了操作的形状

矩形结构元素 (3×3) (3×3):
┌───────┐
│ ■■■ │
│ ■■■ │
│ ■■■ │
└───────┘

十字形结构元素 (3×3) (3×3):
┌───────┐
│ □■□ │
│ ■■■ │
│ □■□ │
└───────┘

椭圆形结构元素 (5×5) (5×5):
┌───────────┐
│ □□■□□ │
│ □■■■□ │
│ ■■■■■ │
│ □■■■□ │
│ □□■□□ │
└───────────┘

────────────────────────────────────────────────────────────
【2. 测试图像】
────────────────────────────────────────────────────────────
创建一个带有噪点和空洞的测试图像

原始测试图像 (15×15):
┌───────────────┐
│               │
│ █             │
│  █            │
│               │
│    ███████    │
│    ███████    │
│    ███████    │
│    ███  ██    │
│    ███ ███    │
│    ███████    │
│    ███████    │
│               │
│               │
│             █ │
│               │
└───────────────┘
前景像素数: 49

────────────────────────────────────────────────────────────
【3. 腐蚀操作 (Erosion)】
────────────────────────────────────────────────────────────
效果：缩小前景区域，只保留完全匹配的部分
应用：去除小噪点，分离粘连区域

腐蚀后 (15×15):
┌───────────────┐
│               │
│               │
│               │
│               │
│               │
│     █████     │
│     █         │
│     █         │
│     █         │
│     █   █     │
│               │
│               │
│               │
│               │
│               │
└───────────────┘
前景像素数: 10 (原: 49)
→ 边缘被侵蚀，噪点消失

────────────────────────────────────────────────────────────
【4. 膨胀操作 (Dilation)】
────────────────────────────────────────────────────────────
效果：扩大前景区域，只要有任意重叠就扩展
应用：填补空洞，连接断裂区域

膨胀后 (15×15):
┌───────────────┐
│███            │
│████           │
│████           │
│ ███████████   │
│   █████████   │
│   █████████   │
│   █████████   │
│   █████████   │
│   █████████   │
│   █████████   │
│   █████████   │
│   █████████   │
│            ███│
│            ███│
│            ███│
└───────────────┘
前景像素数: 103 (原: 49)
→ 区域扩张，噪点也变大了

────────────────────────────────────────────────────────────
【5. 开运算 (Opening) = 先腐蚀后膨胀】
────────────────────────────────────────────────────────────
效果：去除小噪点，同时保持主体形状
应用：OCR预处理中去除背景噪点

开运算后 (15×15):
┌───────────────┐
│               │
│               │
│               │
│               │
│    ███████    │
│    ███████    │
│    ███████    │
│    ███        │
│    ███ ███    │
│    ███ ███    │
│    ███ ███    │
│               │
│               │
│               │
│               │
└───────────────┘
前景像素数: 42 (原: 49)
→ 噪点被去除，主体形状基本保持

────────────────────────────────────────────────────────────
【6. 闭运算 (Closing) = 先膨胀后腐蚀】
────────────────────────────────────────────────────────────
效果：填补小空洞，同时保持主体形状
应用：OCR预处理中连接断裂的笔画

闭运算后 (15×15):
┌───────────────┐
│               │
│ █             │
│  █            │
│               │
│    ███████    │
│    ███████    │
│    ███████    │
│    ███████    │
│    ███████    │
│    ███████    │
│    ███████    │
│               │
│               │
│             █ │
│               │
└───────────────┘
前景像素数: 52 (原: 49)
→ 空洞被填补，主体形状基本保持

────────────────────────────────────────────────────────────
【7. 形态学梯度 (Gradient) = 膨胀 - 腐蚀】
────────────────────────────────────────────────────────────
效果：提取边缘轮廓
应用：文字边缘提取

形态学梯度 (15×15):
┌───────────────┐
│███            │
│████           │
│████           │
│ ███████████   │
│   █████████   │
│   ██     ██   │
│   ██ ██████   │
│   ██ ██████   │
│   ██ ██████   │
│   ██ ███ ██   │
│   █████████   │
│   █████████   │
│            ███│
│            ███│
│            ███│
└───────────────┘
→ 只保留边缘轮廓

────────────────────────────────────────────────────────────
【8. 组合应用：先开运算去噪，再闭运算填洞】
────────────────────────────────────────────────────────────
这是OCR预处理中常用的组合操作

原图 (15×15):
┌───────────────┐
│               │
│ █             │
│  █            │
│               │
│    ███████    │
│    ███████    │
│    ███████    │
│    ███  ██    │
│    ███ ███    │
│    ███████    │
│    ███████    │
│               │
│               │
│             █ │
│               │
└───────────────┘

Step 1: 开运算后 (15×15):
┌───────────────┐
│               │
│               │
│               │
│               │
│    ███████    │
│    ███████    │
│    ███████    │
│    ███        │
│    ███ ███    │
│    ███ ███    │
│    ███ ███    │
│               │
│               │
│               │
│               │
└───────────────┘

Step 2: 闭运算后 (15×15):
┌───────────────┐
│               │
│               │
│               │
│               │
│    ███████    │
│    ███████    │
│    ███████    │
│    ███████    │
│    ███████    │
│    ███████    │
│    ███████    │
│               │
│               │
│               │
│               │
└───────────────┘
→ 既去除了噪点，又填补了空洞

────────────────────────────────────────────────────────────
【9. 结构元素大小的影响】
────────────────────────────────────────────────────────────
结构元素越大，效果越强，但可能损失细节

原图 (15×15):
┌───────────────┐
│               │
│ █             │
│  █            │
│               │
│    ███████    │
│    ███████    │
│    ███████    │
│    ███  ██    │
│    ███ ███    │
│    ███████    │
│    ███████    │
│               │
│               │
│             █ │
│               │
└───────────────┘

3×3 腐蚀 (15×15):
┌───────────────┐
│               │
│               │
│               │
│               │
│               │
│     █████     │
│     █         │
│     █         │
│     █         │
│     █   █     │
│               │
│               │
│               │
│               │
│               │
└───────────────┘

5×5 腐蚀 (15×15):
┌───────────────┐
│               │
│               │
│               │
│               │
│               │
│               │
│               │
│               │
│               │
│               │
│               │
│               │
│               │
│               │
│               │
└───────────────┘
→ 5×5 腐蚀效果更强，区域缩小更多
【10. 黑字极性：5×5内单黑点，3×3结构元素】
黑前景腐蚀/膨胀像素数： 0 9
黑帽白色残差像素数（暗细节）： 1
白顶帽白色残差像素数（亮细节）： 1

非对称B={(0,0),(1,0)}：向右扩张 (5×5):
┌─────┐
│     │
│     │
│  ██ │
│     │
│     │
└─────┘
帽变换固定按亮度定义；本章是二值残差，未实现灰度光照校正。

============================================================
形态学操作总结
============================================================

┌────────────────┬─────────────────────────────────────┐
│ 操作           │ 效果                                │
├────────────────┼─────────────────────────────────────┤
│ 腐蚀 (Erosion) │ 缩小前景，去除噪点，分离粘连        │
│ 膨胀 (Dilation)│ 扩大前景，填补空洞，连接断裂        │
│ 开运算 (Open)  │ 先腐蚀后膨胀，去噪保形              │
│ 闭运算 (Close) │ 先膨胀后腐蚀，填洞保形              │
│ 梯度 (Gradient)│ 膨胀-腐蚀，提取边缘                 │
└────────────────┴─────────────────────────────────────┘

OCR 预处理建议：
1. 如果有小噪点 → 开运算
2. 如果笔画断裂 → 闭运算
3. 如果需要分离粘连字符 → 腐蚀
4. 如果需要提取轮廓 → 形态学梯度

可复用模块（已添加到 shared/imageUtils.js）：
- createStructuringElement(shape, size) - 创建结构元素
- erode(imageData, structuringElement) - 腐蚀
- dilate(imageData, structuringElement) - 膨胀
- morphOpen(imageData, structuringElement) - 开运算
- morphClose(imageData, structuringElement) - 闭运算
- morphGradient(imageData, structuringElement) - 形态学梯度
- topHat(imageData, structuringElement) - 顶帽变换
- blackHat(imageData, structuringElement) - 黑帽变换


下一步学习: 07. 倾斜校正 (Deskewing)
处理因拍摄角度导致的文字倾斜问题
