╔════════════════════════════════════════════════════════════╗
║          07. 倾斜校正 (Deskewing) - Node.js 演示           ║
╚════════════════════════════════════════════════════════════╝

【步骤1】创建测试图像
创建了 200×150 的测试图像（模拟文档）

【步骤2】模拟 5° 倾斜
图像已旋转，模拟倾斜效果

【步骤3】分析原始图像的水平投影
原始图像投影方差: 3635.13

【步骤4】分析倾斜图像的水平投影
倾斜图像投影方差: 1254.74
方差变化: 34.5%
（方差减小说明峰谷变模糊，这是倾斜的特征）

【步骤5】使用投影分析法检测倾斜角度

检测校正角: -5.00°
实际倾斜: 5°
误差: 0.00°

【步骤6】执行倾斜校正
【步骤7】验证校正效果
校正后投影方差: 3635.13
相比倾斜图像改善: 189.7%

【步骤8】插值方法对比
最近邻插值：速度快，但有锯齿
双线性插值：结果平滑，会引入灰度，后续可再二值化
最近邻插值耗时: 1ms
双线性插值耗时: 1ms

【步骤9】霍夫投票对照
theta=80/90/100°的总票数（应相同，不能据此判方向）： [ 5356, 5356, 5356 ]
霍夫峰值法： { correctionAngle: -7, skewAngle: 7, normalAngle: 83, peak: 162 }
双线性算例Q=[0,100;200,240],u=.25,v=.5 → 118；边界按常量背景采样。
【步骤10】1×1黑图零角旋转仍为黑色： 0
╔════════════════════════════════════════════════════════════╗
║                        算法总结                             ║
╠════════════════════════════════════════════════════════════╣
║ 1. 投影分析法：适合规整文档，计算简单，精度高               ║
║ 2. 霍夫变换：适合有明显直线特征的图像，较复杂               ║
║ 3. 图像旋转：使用逆变换；双线性更平滑，最近邻保二值               ║
║ 4. OCR预处理：倾斜校正是提高识别率的重要步骤               ║
╚════════════════════════════════════════════════════════════╝
