╔════════════════════════════════════════════════════════════╗
║          08. 边缘检测 (Edge Detection) - 示例程序           ║
╚════════════════════════════════════════════════════════════╝

>>> 创建测试图像

原始图像:
尺寸: 20×20
▓▓▓▓▓▓▓▓▓▓▓▓▓▓▓▓▓▓▓▓
▓▓▓▓▓▓▓▓▓▓▓▓▓▓▓▓▓▓▓▓
▓▓▓▓▓▓▓▓▓▓▓▓▓▓▓▓▓▓▓▓
▓▓▓▓▓▓▓▓▓▓▓▓▓▓▓▓▓▓▓▓
▓▓▓▓▓▓▓▓▓▓▓▓▓▓▓▓▓▓▓▓
▓▓▓▓▓▓▓▓▓▓          
▓▓▓▓▓▓▓▓▓▓          
▓▓▓▓▓▓▓▓▓▓          
▓▓▓▓▓▓▓▓▓▓          
▓▓▓▓▓▓▓▓▓▓          


============================================================
>>> 测试 Sobel 边缘检测
============================================================

Sobel 结果:
尺寸: 20×20
                    
                    
                    
                    
        ░░▓▓████████
        ▓▓██████████
        ████        
        ████        
        ████        
        ████        

边缘像素数: 76

============================================================
>>> 测试 Prewitt 边缘检测
============================================================

Prewitt 结果:
尺寸: 20×20
                    
                    
                    
                    
        ▓▓▓▓████████
        ▓▓██████████
        ████        
        ████        
        ████        
        ████        

边缘像素数: 76

============================================================
>>> 测试 Canny 边缘检测
============================================================

Canny 结果:
尺寸: 20×20
                    
                    
                    
                    
              ██████
          ██████████
          ██        
        ████        
        ████        
        ████        

>>> Canny中间步骤：幅值/NMS图仅为显示归一化，阈值作用于原始Sobel幅值

梯度幅值:
尺寸: 20×20
                    
                    
                    
          ░░░░░░░░░░
        ▓▓▓▓████████
      ░░▓▓██████████
      ░░████▓▓░░░░░░
      ░░████░░      
      ░░████░░      
      ░░████░░      


NMS:
尺寸: 20×20
                    
                    
                    
                    
              ██████
          ██████████
          ██        
        ████        
        ████        
        ████        


强255/弱128:
尺寸: 20×20
                    
                    
                    
                    
              ██████
          ██████████
          ██        
        ████        
        ████        
        ████        

>>> 手算核验：Gx=270,Gy=70，实际= 270 70 幅值= 278.93 方向= 14.53°
>>> 45°中心5对照左上/右下9，NMS后中心= 0
>>> 常量图、阈值均为0：边缘数= 0

============================================================
>>> 边缘检测算法对比
============================================================

┌──────────┬──────────────────────────────────────────────────────┐
│ 算法     │ 特点                                                  │
├──────────┼──────────────────────────────────────────────────────┤
│ Sobel    │ 简单快速，有一定噪声抑制，边缘较粗                    │
│ Prewitt  │ 更简单，噪声敏感度较高                                │
│ Canny    │ 多阶段处理，边缘精确，平台处可能多像素宽，可调阈值（推荐）      │
└──────────┴──────────────────────────────────────────────────────┘


>>> 在 OCR 中的应用

边缘检测用于：
1. 检测文字笔画的边界
2. 为连通域分析提供输入
3. 文本区域定位的辅助信息
4. 文档边界检测

接09章时需将白色边缘反相为黑前景；填充字符二值图与边缘图不是同一种区域。


✅ 边缘检测示例完成！
提示：运行 index.html 可以看到更直观的可视化效果。
