╔════════════════════════════════════════════════════════════╗
║      09. 连通域分析 (Connected Component Analysis)          ║
╚════════════════════════════════════════════════════════════╝

>>> 创建测试图像

原始二值图像（黑色=前景）:
                                        
  ████████                    ██        
  ████████                    ██        
  ████████                    ████████  
                                        
                                        
                                        
                    ██                  
                                        
                                        
    ██  ██  ██                          
      ██  ██                  ██████    
                              ██████    
                              ██████    
                                        


============================================================
>>> 测试 8 连通标记
============================================================

8 连通标记结果:
 .  .  .  .  .  .  .  .  .  .  .  .  .  .  .  .  .  .  .  . 
 .  1  1  1  1  .  .  .  .  .  .  .  .  .  .  2  .  .  .  . 
 .  1  1  1  1  .  .  .  .  .  .  .  .  .  .  2  .  .  .  . 
 .  1  1  1  1  .  .  .  .  .  .  .  .  .  .  2  2  2  2  . 
 .  .  .  .  .  .  .  .  .  .  .  .  .  .  .  .  .  .  .  . 
 .  .  .  .  .  .  .  .  .  .  .  .  .  .  .  .  .  .  .  . 
 .  .  .  .  .  .  .  .  .  .  .  .  .  .  .  .  .  .  .  . 
 .  .  .  .  .  .  .  .  .  .  3  .  .  .  .  .  .  .  .  . 
 .  .  .  .  .  .  .  .  .  .  .  .  .  .  .  .  .  .  .  . 
 .  .  .  .  .  .  .  .  .  .  .  .  .  .  .  .  .  .  .  . 
 .  .  4  .  4  .  4  .  .  .  .  .  .  .  .  .  .  .  .  . 
 .  .  .  4  .  4  .  .  .  .  .  .  .  .  .  5  5  5  .  . 
 .  .  .  .  .  .  .  .  .  .  .  .  .  .  .  5  5  5  .  . 
 .  .  .  .  .  .  .  .  .  .  .  .  .  .  .  5  5  5  .  . 
 .  .  .  .  .  .  .  .  .  .  .  .  .  .  .  .  .  .  .  . 


区域属性统计:
┌───────┬──────┬─────────────────────────┬──────────────┬──────────┬──────────┐
│ Label │ Area │ BoundingBox             │ Centroid     │ FillRate │ AspRatio │
├───────┼──────┼─────────────────────────┼──────────────┼──────────┼──────────┤
│     1 │   12 │ (1,1,4×3)               │ (2.5,2.0)    │     1.00 │     1.33 │
│     2 │    6 │ (15,1,4×3)              │ (16.0,2.5)   │     0.50 │     1.33 │
│     3 │    1 │ (10,7,1×1)              │ (10.0,7.0)   │     1.00 │     1.00 │
│     4 │    5 │ (2,10,5×2)              │ (4.0,10.4)   │     0.50 │     2.50 │
│     5 │    9 │ (15,11,3×3)             │ (16.0,12.0)  │     1.00 │     1.00 │
└───────┴──────┴─────────────────────────┴──────────────┴──────────┴──────────┘

============================================================
>>> 测试 4 连通标记
============================================================

4 连通标记结果:
 .  .  .  .  .  .  .  .  .  .  .  .  .  .  .  .  .  .  .  . 
 .  1  1  1  1  .  .  .  .  .  .  .  .  .  .  2  .  .  .  . 
 .  1  1  1  1  .  .  .  .  .  .  .  .  .  .  2  .  .  .  . 
 .  1  1  1  1  .  .  .  .  .  .  .  .  .  .  2  2  2  2  . 
 .  .  .  .  .  .  .  .  .  .  .  .  .  .  .  .  .  .  .  . 
 .  .  .  .  .  .  .  .  .  .  .  .  .  .  .  .  .  .  .  . 
 .  .  .  .  .  .  .  .  .  .  .  .  .  .  .  .  .  .  .  . 
 .  .  .  .  .  .  .  .  .  .  3  .  .  .  .  .  .  .  .  . 
 .  .  .  .  .  .  .  .  .  .  .  .  .  .  .  .  .  .  .  . 
 .  .  .  .  .  .  .  .  .  .  .  .  .  .  .  .  .  .  .  . 
 .  .  4  .  5  .  6  .  .  .  .  .  .  .  .  .  .  .  .  . 
 .  .  .  7  .  8  .  .  .  .  .  .  .  .  .  9  9  9  .  . 
 .  .  .  .  .  .  .  .  .  .  .  .  .  .  .  9  9  9  .  . 
 .  .  .  .  .  .  .  .  .  .  .  .  .  .  .  9  9  9  .  . 
 .  .  .  .  .  .  .  .  .  .  .  .  .  .  .  .  .  .  .  . 


4 连通检测到 9 个区域（对角线像素被分割）
8 连通检测到 5 个区域（对角线像素相连）

============================================================
>>> 区域过滤示例
============================================================

过滤条件: minArea=5, maxArea=100, minFillRatio=0.3
过滤前: 5 个区域
过滤后: 4 个区域

区域属性统计:
┌───────┬──────┬─────────────────────────┬──────────────┬──────────┬──────────┐
│ Label │ Area │ BoundingBox             │ Centroid     │ FillRate │ AspRatio │
├───────┼──────┼─────────────────────────┼──────────────┼──────────┼──────────┤
│     1 │   12 │ (1,1,4×3)               │ (2.5,2.0)    │     1.00 │     1.33 │
│     2 │    6 │ (15,1,4×3)              │ (16.0,2.5)   │     0.50 │     1.33 │
│     4 │    5 │ (2,10,5×2)              │ (4.0,10.4)   │     0.50 │     2.50 │
│     5 │    9 │ (15,11,3×3)             │ (16.0,12.0)  │     1.00 │     1.00 │
└───────┴──────┴─────────────────────────┴──────────────┴──────────┴──────────┘
>>> 讲义Two-Pass斜桥反例

8连通：必须合并成1个区域:
 1  1  .  1  1 
 1  1  .  1  1 
 .  .  1  .  . 
 1  1  1  1  1 

同一图4连通区域数= 3

区域属性统计:
┌───────┬──────┬─────────────────────────┬──────────────┬──────────┬──────────┐
│ Label │ Area │ BoundingBox             │ Centroid     │ FillRate │ AspRatio │
├───────┼──────┼─────────────────────────┼──────────────┼──────────┼──────────┤
│     1 │   14 │ (0,0,5×4)               │ (2.0,1.5)    │     0.70 │     1.25 │
└───────┴──────┴─────────────────────────┴──────────────┴──────────┴──────────┘
单个黑像素的面积/BBox都是1；背景标签0不计入numLabels。

============================================================
>>> 在 OCR 中的应用
============================================================

连通域分析用于：
1. 字符分割：连通域是候选：断开笔画可能一字多域，粘连可能多字一域
2. 噪点去除：过滤掉面积过小的区域
3. 非文字过滤：根据宽高比、填充率筛选文字区域
4. 文字行检测：根据质心位置对字符分组

推荐流程：
灰度化 → 二值化 → 形态学处理 → 连通域分析 → 属性筛选 → 字符提取


✅ 连通域分析示例完成！
提示：运行 index.html 可以看到更直观的可视化效果。
