
==============================================================
实验 1：真实模型来源、数据边界与维度
==============================================================
自主模型 ocr-mnist-cnn-v1-9c7b0b8e8224 后端 cpu
55,000 训练 / 5,000 验证 / 10,000 原始测试；快速实验使用内置的10个验证样本，不需要下载全部原始数据。
┌─────────┬───────────┬──────────────────┬────────────┐
│ (index) │ layer     │ output           │ parameters │
├─────────┼───────────┼──────────────────┼────────────┤
│ 0       │ 'Conv2D'  │ '[null,12,12,8]' │ 208        │
│ 1       │ 'Conv2D'  │ '[null,5,5,16]'  │ 1168       │
│ 2       │ 'Flatten' │ '[null,400]'     │ 0          │
│ 3       │ 'Dense'   │ '[null,32]'      │ 12832      │
│ 4       │ 'Dropout' │ '[null,32]'      │ 0          │
│ 5       │ 'Dense'   │ '[null,10]'      │ 330        │
└─────────┴───────────┴──────────────────┴────────────┘

==============================================================
实验 2：原始字节 → 浅底 RGBA → 统一 28×28 前景强度
==============================================================
验证样本原始索引 56424 真实标签 0 裁剪框 { x: 7, y: 5, width: 16, height: 20 } 输入版本 dark-rgba-bbox20-centroid-v1
                                                        
                                                        
                                                        
                                                        
                          ░░████████                    
                      ░░██████████████                  
                  ░░████████████████████                
                ░░██████████░░    ░░████░░              
                ░░██████░░        ░░██████              
                ██████░░            ██████░░            
              ░░████░░              ██████░░            
              ██████░░              ░░████░░            
              ██████░░              ░░████░░            
              ██████                ░░████░░            
              ████░░                ░░████░░            
            ░░████                  ██████              
            ██████                  ████░░              
            ██████                ░░████░░              
            ░░████░░              ██████                
            ░░████░░          ░░██████░░                
              ████████░░░░░░░░████████                  
              ░░████████████████████                    
                ░░██████████████░░                      
                    ░░░░░░██░░                          
                                                        
                                                        
                                                        
                                                        
灰度值区间 0 1 ；字节总数 3136

==============================================================
实验 3：真实卷积特征图的维度与激活统计
==============================================================
┌─────────┬───────┬─────────────┬─────┬────────────────────┬────────────────────┐
│ (index) │ layer │ shape       │ min │ max                │ positiveFraction   │
├─────────┼───────┼─────────────┼─────┼────────────────────┼────────────────────┤
│ 0       │ 1     │ '1×12×12×8' │ 0   │ 3.3228297233581543 │ 0.8272569444444444 │
│ 1       │ 2     │ '1×5×5×16'  │ 0   │ 7.8928656578063965 │ 0.6125             │
└─────────┴───────┴─────────────┴─────┴────────────────────┴────────────────────┘

==============================================================
实验 4：增强改变输入形状，但仍调用同一归一化
==============================================================
┌─────────┬───────┬────────────────────────────────────────┬────────────────────┬───────┐
│ (index) │ angle │ bounds                                 │ inkMass            │ blank │
├─────────┼───────┼────────────────────────────────────────┼────────────────────┼───────┤
│ 0       │ -8    │ '{"x":7,"y":4,"width":16,"height":22}' │ 108.12924709525396 │ false │
│ 1       │ 0     │ '{"x":7,"y":5,"width":16,"height":20}' │ 127.46666765399277 │ false │
│ 2       │ 8     │ '{"x":6,"y":5,"width":18,"height":20}' │ 128.42687962763011 │ false │
└─────────┴───────┴────────────────────────────────────────┴────────────────────┴───────┘
这里仅观察变换，不用测试预测来选旋转范围。训练 ±8° 在查看测试集前已固定。

==============================================================
实验 5：逐样本推理与十类候选分数
==============================================================
{"originalTrainingIndex":56424,"split":"validation","truth":"0","prediction":"0","score":0.9999924898147583}
{"originalTrainingIndex":45941,"split":"validation","truth":"1","prediction":"1","score":0.9984331727027893}
{"originalTrainingIndex":34532,"split":"validation","truth":"2","prediction":"2","score":0.7225980162620544}
{"originalTrainingIndex":30251,"split":"validation","truth":"3","prediction":"3","score":0.9999141693115234}
{"originalTrainingIndex":14700,"split":"validation","truth":"4","prediction":"9","score":0.924450695514679}
{"originalTrainingIndex":51950,"split":"validation","truth":"5","prediction":"5","score":0.999977707862854}
{"originalTrainingIndex":41912,"split":"validation","truth":"6","prediction":"6","score":0.9818621277809143}
{"originalTrainingIndex":10002,"split":"validation","truth":"7","prediction":"7","score":0.9999817609786987}
{"originalTrainingIndex":27118,"split":"validation","truth":"8","prediction":"8","score":0.6408668160438538}
{"originalTrainingIndex":27884,"split":"validation","truth":"9","prediction":"9","score":0.9929602742195129}
┌─────────┬───────┬──────────────────────────┐
│ (index) │ digit │ score                    │
├─────────┼───────┼──────────────────────────┤
│ 0       │ 0     │ 0.9999924898147583       │
│ 1       │ 5     │ 0.0000029807429200445767 │
│ 2       │ 6     │ 0.0000027830888029711787 │
│ 3       │ 8     │ 0.000001393786988046486  │
│ 4       │ 9     │ 2.3825266737276252e-7    │
│ 5       │ 7     │ 2.8486910608194194e-8    │
│ 6       │ 3     │ 2.2201035676516767e-8    │
│ 7       │ 2     │ 4.7886987708523066e-9    │
│ 8       │ 1     │ 5.270330283302371e-10    │
│ 9       │ 4     │ 1.1328807683619324e-11   │
└─────────┴───────┴──────────────────────────┘

==============================================================
实验 6：手算混淆矩阵与完整独立测试报告对照
==============================================================
手算样例（非模型成绩）：truth=[0,0,1,1]，pred=[0,1,1,1]
┌─────────┬───┬───┐
│ (index) │ 0 │ 1 │
├─────────┼───┼───┤
│ 0       │ 1 │ 1 │
│ 1       │ 0 │ 2 │
└─────────┴───┴───┘
正确 3/4= 0.75
┌─────────┬───────┬─────────────────────┬────────────────────┬─────────────────────┬────────────────────┬────────────────────┐
│ (index) │ epoch │ loss                │ accuracy           │ validationLoss      │ validationAccuracy │ seconds            │
├─────────┼───────┼─────────────────────┼────────────────────┼─────────────────────┼────────────────────┼────────────────────┤
│ 0       │ 1     │ 0.5868533849716187  │ 0.8186908960342407 │ 0.19571077823638916 │ 0.940000057220459  │ 59.82910000014305  │
│ 1       │ 2     │ 0.2158445417881012  │ 0.9371454119682312 │ 0.12128312140703201 │ 0.963200032711029  │ 19.80040000009537  │
│ 2       │ 3     │ 0.15557272732257843 │ 0.9544000029563904 │ 0.09907084703445435 │ 0.9684000611305237 │ 18.313099999904633 │
│ 3       │ 4     │ 0.1296408772468567  │ 0.9613636136054993 │ 0.08182082325220108 │ 0.9748000502586365 │ 20.464700000047685 │
│ 4       │ 5     │ 0.11807399988174438 │ 0.9651454091072083 │ 0.07367528229951859 │ 0.9780000448226929 │ 19.006200000047684 │
└─────────┴───────┴─────────────────────┴────────────────────┴─────────────────────┴────────────────────┴────────────────────┘
完整测试成绩从冻结报告读取： 9769 / 10000 = 0.9769
┌─────────┬───────┬─────────┬────────────────────┬────────────────────┐
│ (index) │ label │ support │ recall             │ precision          │
├─────────┼───────┼─────────┼────────────────────┼────────────────────┤
│ 0       │ 0     │ 980     │ 0.986734693877551  │ 0.9827235772357723 │
│ 1       │ 1     │ 1135    │ 0.9938325991189427 │ 0.986013986013986  │
│ 2       │ 2     │ 1032    │ 0.9767441860465116 │ 0.9692307692307692 │
│ 3       │ 3     │ 1010    │ 0.9772277227722772 │ 0.9781962338949455 │
│ 4       │ 4     │ 982     │ 0.9857433808553971 │ 0.9767911200807265 │
│ 5       │ 5     │ 892     │ 0.976457399103139  │ 0.976457399103139  │
│ 6       │ 6     │ 958     │ 0.9822546972860126 │ 0.9751295336787564 │
│ 7       │ 7     │ 1028    │ 0.980544747081712  │ 0.9627507163323782 │
│ 8       │ 8     │ 974     │ 0.9661190965092402 │ 0.9721074380165289 │
│ 9       │ 9     │ 1009    │ 0.9415262636273538 │ 0.9895833333333334 │
└─────────┴───────┴─────────┴────────────────────┴────────────────────┘
照片评估 { count: 0, accuracy: null, reason: '未提供独立真实照片；MNIST 成绩不能代表照片数字串准确率' }

==============================================================
实验 7：重复推理的张量生命周期
==============================================================
{ tensorsBefore: 8, tensorsAfter: 8 }

==============================================================
实验 8：理想交叉熵与实际概率裁剪；历史与新建模型的 Dropout
==============================================================
{
  "backend": "cpu",
  "logits": [
    2,
    1,
    0
  ],
  "target": 0,
  "probabilities": [
    0.6652409434318542,
    0.2447284758090973,
    0.09003057330846786
  ],
  "layers": {
    "clippingEpsilon": 1.000000253009133e-7,
    "loss": 0.40760597586631775,
    "gradient": [
      -0.33475902676582336,
      0.2447284758090973,
      0.09003057330846786
    ]
  },
  "fused": {
    "loss": 0.4076058864593506,
    "gradient": [
      -0.334758996963501,
      0.24472849071025848,
      0.09003058075904846
    ]
  }
}
{
  "backend": "cpu",
  "logits": [
    1000,
    -1000,
    0
  ],
  "target": 1,
  "probabilities": [
    1,
    0,
    0
  ],
  "layers": {
    "clippingEpsilon": 1.000000253009133e-7,
    "loss": 16.11809539794922,
    "gradient": [
      0,
      0,
      0
    ]
  },
  "fused": {
    "loss": 2000,
    "gradient": [
      1,
      -1,
      0
    ]
  }
}
本次CPU极端例：Layers裁剪ε约1e-7、损失约16.1181、梯度0；部分WebGL环境ε约1e-4、损失约9.2103。Core logits损失2000、梯度[1,-1,0]。历史模型未换损失。
已保存历史模型的 Dropout： {
  seed: 1704,
  shape: [ 8, 32 ],
  sameTrainingMask: true,
  firstDropped: 35,
  secondDropped: 35,
  inferenceUnchanged: true
}
新建模型默认 Dropout（只检查掩码，无 fit/保存）： {
  seed: null,
  shape: [ 8, 32 ],
  sameTrainingMask: false,
  firstDropped: 40,
  secondDropped: 41,
  inferenceUnchanged: true
}
新训练省略 Dropout 的固定 seed，每次重新采样；初始化/划分/增强种子仍固定，不承诺跨跑逐位重现。
自检通过；独立进程验证：node 17-cnn-classifier/verify.js。单数字到整串还需要第 25 章的检测与分割。

============================
Hi, looks like you are running TensorFlow.js in Node.js. To speed things up dramatically, install our node backend, visit https://github.com/tensorflow/tfjs-node for more details. 
============================
