
【1. 框架真实API与CTC梯度有限差分】
TensorFlow.js 实测 {
  version: '4.22.0',
  backend: 'cpu',
  nativeCtcLoss: 'undefined',
  customGrad: 'function'
}
CTC 有限差分检查 {
  maxAbsoluteError: 3.101504830738122e-8,
  coordinates: 9,
  epsilon: 0.0001
}

【2. 宽度、池化与CTC时间预算】
3×3教学核1/9：输入3个1，其余0；以及2×2平均池化手算对照 {
  convolutionSum: 0.3333333432674408,
  tanh: 0.32151275873184204,
  averagePool: 0.5
}
┌─────────┬───────┬───────────┬─────────────────┬────────────────────┐
│ (index) │ width │ timeSteps │ featuresPerStep │ repeated000Minimum │
├─────────┼───────┼───────────┼─────────────────┼────────────────────┤
│ 0       │ 10    │ 5         │ 16              │ 5                  │
│ 1       │ 20    │ 10        │ 16              │ 5                  │
│ 2       │ 21    │ 10        │ 16              │ 5                  │
│ 3       │ 32    │ 16        │ 16              │ 5                  │
└─────────┴───────┴───────────┴─────────────────┴────────────────────┘
CNN → 序列完整尺寸 {
  input: [ 1, 8, 20, 1 ],
  convolution: [ 1, 8, 20, 4 ],
  pooled: [ 1, 4, 10, 4 ],
  sequence: [ 1, 10, 16 ],
  bidirectional: [ 1, 10, 16 ],
  logits: [ 1, 10, 3 ]
}

【3. 合成整行图像及随机初始化模型基线】
········································
····██████······························
····██··██······························
····██··██··██████····██················
····██··██··██··██··████················
····██████··██··██····██················
············██··██····██················
············██████··██████··············
随机模型整串准确率（验证合成集） 0

【4. 加载已训练权重并与随机基线比较】
加载本项目训练权重后的留出合成样本预测
┌─────────┬────────────────────────┬───────┬────────────┬────────┬─────────┐
│ (index) │ id                     │ truth │ prediction │ greedy │ correct │
├─────────┼────────────────────────┼───────┼────────────┼────────┼─────────┤
│ 0       │ 'synthetic-19001-0-0'  │ '0'   │ '0'        │ '0'    │ true    │
│ 1       │ 'synthetic-19001-0-1'  │ '1'   │ '1'        │ '1'    │ true    │
│ 2       │ 'synthetic-19001-0-2'  │ '00'  │ '00'       │ '00'   │ true    │
│ 3       │ 'synthetic-19001-0-3'  │ '01'  │ '01'       │ '01'   │ true    │
│ 4       │ 'synthetic-19001-0-4'  │ '10'  │ '10'       │ '10'   │ true    │
│ 5       │ 'synthetic-19001-0-5'  │ '11'  │ '11'       │ '11'   │ true    │
│ 6       │ 'synthetic-19001-0-6'  │ '000' │ '000'      │ '000'  │ true    │
│ 7       │ 'synthetic-19001-0-7'  │ '001' │ '001'      │ '001'  │ true    │
│ 8       │ 'synthetic-19001-0-8'  │ '010' │ '010'      │ '010'  │ true    │
│ 9       │ 'synthetic-19001-0-9'  │ '011' │ '011'      │ '011'  │ true    │
│ 10      │ 'synthetic-19001-0-10' │ '100' │ '100'      │ '100'  │ true    │
│ 11      │ 'synthetic-19001-0-11' │ '101' │ '101'      │ '101'  │ true    │
│ 12      │ 'synthetic-19001-0-12' │ '110' │ '110'      │ '110'  │ true    │
│ 13      │ 'synthetic-19001-0-13' │ '111' │ '111'      │ '111'  │ true    │
└─────────┴────────────────────────┴───────┴────────────┴────────┴─────────┘

【5. 查看真实中间特征与逐帧概率】
CNN池化后第0通道（4行×10列）
┌─────────┬─────────┬─────────┬─────────┬─────────┬─────────┬─────────┬─────────┬─────────┬─────────┬─────────┐
│ (index) │ 0       │ 1       │ 2       │ 3       │ 4       │ 5       │ 6       │ 7       │ 8       │ 9       │
├─────────┼─────────┼─────────┼─────────┼─────────┼─────────┼─────────┼─────────┼─────────┼─────────┼─────────┤
│ 0       │ -0.1874 │ -0.7659 │ -0.6709 │ -0.1778 │ -0.2184 │ -0.206  │ -0.1931 │ -0.1963 │ -0.2126 │ -0.2188 │
│ 1       │ -0.3753 │ -0.8752 │ -0.8149 │ -0.7403 │ -0.6814 │ -0.5317 │ -0.368  │ -0.2019 │ -0.2251 │ -0.2147 │
│ 2       │ -0.3649 │ -0.8317 │ -0.8368 │ -0.8549 │ -0.8198 │ -0.7329 │ -0.4741 │ -0.2169 │ -0.2611 │ -0.2178 │
│ 3       │ -0.2494 │ -0.3629 │ -0.4359 │ -0.812  │ -0.729  │ -0.7507 │ -0.6153 │ -0.2188 │ -0.2179 │ -0.1953 │
└─────────┴─────────┴─────────┴─────────┴─────────┴─────────┴─────────┴─────────┴─────────┴─────────┴─────────┘
map-to-sequence前2个时间步（每帧16维）
┌─────────┬──────────────────────┬──────────────────────┬─────────────────────┬─────────────────────┬──────────────────────┬─────────────────────┬─────────────────────┬──────────────────────┬─────────────────────┬─────────────────────┬─────────────────────┬─────────────────────┬──────────────────────┬─────────────────────┬────────────────────┬──────────────────────┐
│ (index) │ 0                    │ 1                    │ 2                   │ 3                   │ 4                    │ 5                   │ 6                   │ 7                    │ 8                   │ 9                   │ 10                  │ 11                  │ 12                   │ 13                  │ 14                 │ 15                   │
├─────────┼──────────────────────┼──────────────────────┼─────────────────────┼─────────────────────┼──────────────────────┼─────────────────────┼─────────────────────┼──────────────────────┼─────────────────────┼─────────────────────┼─────────────────────┼─────────────────────┼──────────────────────┼─────────────────────┼────────────────────┼──────────────────────┤
│ 0       │ -0.18737435340881348 │ -0.07056104391813278 │ 0.5863524675369263  │ -0.3620544970035553 │ -0.37527844309806824 │ 0.03386339545249939 │ 0.6370319128036499  │ -0.44643765687942505 │ -0.3648715317249298 │ 0.16385705769062042 │ 0.6393828988075256  │ -0.3740922212600708 │ -0.2493952512741089  │ 0.16148404777050018 │ 0.6414980888366699 │ 0.06350427120923996  │
│ 1       │ -0.7658931612968445  │ 0.07232797890901566  │ -0.7518993020057678 │ -0.8088183403015137 │ -0.8752305507659912  │ 0.7860952615737915  │ -0.4418819844722748 │ -0.6280017495155334  │ -0.8316869735717773 │ 0.8214894533157349  │ -0.3771730661392212 │ -0.750741183757782  │ -0.36292630434036255 │ 0.4727069139480591  │ 0.6764665246009827 │ -0.07261431217193604 │
└─────────┴──────────────────────┴──────────────────────┴─────────────────────┴─────────────────────┴──────────────────────┴─────────────────────┴─────────────────────┴──────────────────────┴─────────────────────┴─────────────────────┴─────────────────────┴─────────────────────┴──────────────────────┴─────────────────────┴────────────────────┴──────────────────────┘
┌─────────┬───┬────────────────────────┬──────────────────────────┬─────────────────────────┐
│ (index) │ t │ blank                  │ digit0                   │ digit1                  │
├─────────┼───┼────────────────────────┼──────────────────────────┼─────────────────────────┤
│ 0       │ 0 │ 0.9905589818954468     │ 0.0093569066375494       │ 0.00008412441820837557  │
│ 1       │ 1 │ 0.0005530467024073005  │ 0.9993898868560791       │ 0.000057041997933993116 │
│ 2       │ 2 │ 0.9991104006767273     │ 0.0008655905839987099    │ 0.000024027587642194703 │
│ 3       │ 3 │ 0.00035508626024238765 │ 0.9994773268699646       │ 0.00016765091277193278  │
│ 4       │ 4 │ 0.9998016953468323     │ 0.00006469736399594694   │ 0.00013361075252760202  │
│ 5       │ 5 │ 0.0002795194450300187  │ 0.0010974365286529064    │ 0.9986230134963989      │
│ 6       │ 6 │ 0.99973064661026       │ 0.000027309433789923787  │ 0.00024199538165703416  │
│ 7       │ 7 │ 0.9999312162399292     │ 0.0000017051546592483646 │ 0.00006705100531689823  │
│ 8       │ 8 │ 0.9999595880508423     │ 0.0000017142851902463008 │ 0.00003874563844874501  │
│ 9       │ 9 │ 0.9999804496765137     │ 0.000003882954388245707  │ 0.000015708967112004757 │
└─────────┴───┴────────────────────────┴──────────────────────────┴─────────────────────────┘
维度与列序自检通过；预测： 001

【6. 资源释放与下一步】
结束后活动张量数 0
此实验覆盖完整小型CRNN训练，不代表手写照片性能；下一章Attention学习显式内容加权。

============================
Hi, looks like you are running TensorFlow.js in Node.js. To speed things up dramatically, install our node backend, visit https://github.com/tensorflow/tfjs-node for more details. 
============================
