21 Attention：真实数值运算；没有 OCR 训练数据或图像编码器

【实验 1：从 Q/K/V 到匹配分数、softmax 与输出】
Q
┌─────────┬───┬───┐
│ (index) │ 0 │ 1 │
├─────────┼───┼───┤
│ 0       │ 1 │ 0 │
│ 1       │ 0 │ 1 │
│ 2       │ 1 │ 1 │
└─────────┴───┴───┘
K
┌─────────┬───┬───┐
│ (index) │ 0 │ 1 │
├─────────┼───┼───┤
│ 0       │ 1 │ 0 │
│ 1       │ 0 │ 1 │
│ 2       │ 1 │ 1 │
└─────────┴───┴───┘
V
┌─────────┬────┬────┐
│ (index) │ 0  │ 1  │
├─────────┼────┼────┤
│ 0       │ 10 │ 0  │
│ 1       │ 0  │ 20 │
│ 2       │ 10 │ 20 │
└─────────┴────┴────┘
scores
┌─────────┬────────────────────┬────────────────────┬────────────────────┐
│ (index) │ 0                  │ 1                  │ 2                  │
├─────────┼────────────────────┼────────────────────┼────────────────────┤
│ 0       │ 0.7071067811865475 │ 0                  │ 0.7071067811865475 │
│ 1       │ 0                  │ 0.7071067811865475 │ 0.7071067811865475 │
│ 2       │ 0.7071067811865475 │ 0.7071067811865475 │ 1.414213562373095  │
└─────────┴────────────────────┴────────────────────┴────────────────────┘
weights
┌─────────┬────────────────────┬────────────────────┬────────────────────┐
│ (index) │ 0                  │ 1                  │ 2                  │
├─────────┼────────────────────┼────────────────────┼────────────────────┤
│ 0       │ 0.4011120926797859 │ 0.1977758146404282 │ 0.4011120926797859 │
│ 1       │ 0.1977758146404282 │ 0.4011120926797859 │ 0.4011120926797859 │
│ 2       │ 0.2482550782577231 │ 0.2482550782577231 │ 0.5034898434845538 │
└─────────┴────────────────────┴────────────────────┴────────────────────┘
output
┌─────────┬───────────────────┬────────────────────┐
│ (index) │ 0                 │ 1                  │
├─────────┼───────────────────┼────────────────────┤
│ 0       │ 8.022241853595718 │ 11.977758146404282 │
│ 1       │ 5.988879073202141 │ 16.044483707191436 │
│ 2       │ 7.51744921742277  │ 15.03489843484554  │
└─────────┴───────────────────┴────────────────────┘
第一行第一输出的三项贡献 [ 4.011120926797859, 0, 4.011120926797859 ]

【实验 2：同一组输入，改变温度；稳定 softmax 对照】
┌─────────┬────────────────────┬──────────────────────┬────────────────────┬─────────────┐
│ (index) │ 0                  │ 1                    │ 2                  │ temperature │
├─────────┼────────────────────┼──────────────────────┼────────────────────┼─────────────┤
│ 0       │ 0.4928188426498975 │ 0.014362314700204977 │ 0.4928188426498975 │ 0.2         │
│ 1       │ 0.4011120926797859 │ 0.1977758146404282   │ 0.4011120926797859 │ 1           │
│ 2       │ 0.3584209018591471 │ 0.2831581962817057   │ 0.3584209018591471 │ 3           │
└─────────┴────────────────────┴──────────────────────┴────────────────────┴─────────────┘
exp(1000) 的直接计算 Infinity ；减最大值后 [ 0.2689414213699951, 0.7310585786300049 ]

【实验 3：self/cross 维度、因果遮罩与未来信息扰动】
单个 cross query 输出 {
  scores: [ [ 0.7071067811865475, 0, 0.7071067811865475 ] ],
  weights: [ [ 0.4011120926797859, 0.1977758146404282, 0.4011120926797859 ] ],
  output: [ [ 8.022241853595718, 11.977758146404282 ] ]
}
┌─────────┬────────────────────┬────────────────────┬────────────────────┐
│ (index) │ 0                  │ 1                  │ 2                  │
├─────────┼────────────────────┼────────────────────┼────────────────────┤
│ 0       │ 1                  │ 0                  │ 0                  │
│ 1       │ 0.3302384506733431 │ 0.6697615493266569 │ 0                  │
│ 2       │ 0.2482550782577231 │ 0.2482550782577231 │ 0.5034898434845538 │
└─────────┴────────────────────┴────────────────────┴────────────────────┘
自检通过：改变未来 V2，Q0/Q1 的输出完全不变

【实验 4：加性注意力，soft 权重与 hard 选择的区别】
隐藏分数 / 权重 / soft 输出 {
  scores: [ [ 1.5231883119115297, 1.9280551601516338 ] ],
  weights: [ [ 0.40014359095452223, 0.5998564090454778 ] ],
  output: [ [ 21.997128180909556 ] ]
}
hard argmax 选择 V1 得 30；soft 混合约 21.9971；两者不是等价实现

【实验 5：用有限差分检查反向梯度】
┌─────────┬─────────────────────┬─────────────────────┬────────────────────────┐
│ (index) │ analytical          │ numerical           │ absoluteError          │
├─────────┼─────────────────────┼─────────────────────┼────────────────────────┤
│ 0       │ 0.08353708623061402 │ 0.08353708623176637 │ 1.1523421106218734e-12 │
└─────────┴─────────────────────┴─────────────────────┴────────────────────────┘

【实验 6：只学习一个 query 的真实梯度下降】
┌─────────┬──────┬───────────────────────┬────────────────────┐
│ (index) │ step │ loss                  │ prediction         │
├─────────┼──────┼───────────────────────┼────────────────────┤
│ 0       │ 0    │ 0.08000000000000002   │ 0.5                │
│ 1       │ 20   │ 0.031116437825315764  │ 0.6505348207652388 │
│ 2       │ 40   │ 0.014970106434826129  │ 0.7269675958970336 │
│ 3       │ 60   │ 0.008488451340986563  │ 0.7697045561733906 │
│ 4       │ 80   │ 0.005346284718405571  │ 0.796595118892718  │
│ 5       │ 100  │ 0.0036095537687564597 │ 0.815034668614117  │
│ 6       │ 120  │ 0.0025581181202325104 │ 0.8284721296244253 │
└─────────┴──────┴───────────────────────┴────────────────────┘
最终 Q [ [ -1.1135782287483513, 1.1135782287483513 ] ] 目标 0.9

【实验 7：错误输入应清楚失败】
自检通过：全遮罩行拒绝计算；所有实验自检通过。下一章研究图像中的文字区域定位。
