22 合成预测图实验：没有 CNN 主干，没有训练模型

【实验 1：P、T、软二值图的可手算切片与 k 对照】
输入 P [ [ 0.3, 0.5, 0.7 ] ] T [ [ 0.5, 0.5, 0.5 ] ]
┌─────────┬────┬────────────────────────┬───────┬────────────────────┬──────────────┐
│ (index) │ k  │ low                    │ equal │ high               │ peakGradient │
├─────────┼────┼────────────────────────┼───────┼────────────────────┼──────────────┤
│ 0       │ 1  │ 0.4501660026875221     │ 0.5   │ 0.5498339973124778 │ 0.25         │
│ 1       │ 10 │ 0.11920292202211755    │ 0.5   │ 0.8807970779778823 │ 2.5          │
│ 2       │ 50 │ 0.00004539786870243439 │ 0.5   │ 0.9999546021312976 │ 12.5         │
└─────────┴────┴────────────────────────┴───────┴────────────────────┴──────────────┘

【实验 2：DB 的 BCE 梯度与有限差分】
┌─────────┬────────────────────┬────────────────────┬────────────────────┬───────────────────┬────────────────────┬────────────────────────┐
│ (index) │ loss               │ binary             │ dProbability       │ dThreshold        │ finiteDifference   │ absoluteError          │
├─────────┼────────────────────┼────────────────────┼────────────────────┼───────────────────┼────────────────────┼────────────────────────┤
│ 0       │ 0.5292604490302841 │ 0.5890404340586652 │ -4.931514791296018 │ 4.931514791296018 │ -4.931514791417513 │ 1.2149481420919983e-10 │
└─────────┴────────────────────┴────────────────────┴────────────────────┴───────────────────┴────────────────────┴────────────────────────┘

【实验 3：同一张合成 P/T 图，两条后处理支路】
┌─────────┬────┬───┬─────────────────────┬─────────────────────┬──────────────────────────┐
│ (index) │ x  │ y │ P                   │ T                   │ binary                   │
├─────────┼────┼───┼─────────────────────┼─────────────────────┼──────────────────────────┤
│ 0       │ 0  │ 8 │ 0.04319397497494727 │ 0.3104347826086956  │ 0.0000015737614823386178 │
│ 1       │ 3  │ 8 │ 0.36373390823086926 │ 0.32320074005550414 │ 0.883567749494099        │
│ 2       │ 6  │ 8 │ 0.8460376167097521  │ 0.3359666975023126  │ 0.9999999999916063       │
│ 3       │ 9  │ 8 │ 0.9187936945001988  │ 0.34873265494912115 │ 0.9999999999995819       │
│ 4       │ 12 │ 8 │ 0.92                │ 0.3614986123959297  │ 0.9999999999992548       │
│ 5       │ 15 │ 8 │ 0.9187936945001988  │ 0.37426456984273815 │ 0.9999999999985014       │
└─────────┴────┴───┴─────────────────────┴─────────────────────┴──────────────────────────┘
P > 0.3：连通域 → 按组件平均 P 过滤 → 矩形扩张 → NMS
┌─────────┬────────────────────┬────────────────────┬────────────────────┬────────────────────┬────────────────────┬──────┐
│ (index) │ x0                 │ y0                 │ x1                 │ y1                 │ score              │ area │
├─────────┼────────────────────┼────────────────────┼────────────────────┼────────────────────┼────────────────────┼──────┤
│ 0       │ 0.4423076923076925 │ 2.4423076923076925 │ 24.557692307692307 │ 14.557692307692307 │ 0.681274177575757  │ 121  │
│ 1       │ 20.85              │ 7.85               │ 48                 │ 23.15              │ 0.6175933788815962 │ 169  │
└─────────┴────────────────────┴────────────────────┴────────────────────┴────────────────────┴────────────────────┴──────┘
B̂ > 0.5：教学对照，以 P 计算组件分数
┌─────────┬───────┬──────┬───────┬───────┬────────────────────┬──────┐
│ (index) │ x0    │ y0   │ x1    │ y1    │ score              │ area │
├─────────┼───────┼──────┼───────┼───────┼────────────────────┼──────┤
│ 0       │ 0.48  │ 2.48 │ 23.52 │ 14.52 │ 0.7383345726546652 │ 103  │
│ 1       │ 22.48 │ 9.48 │ 45.52 │ 21.52 │ 0.7168113877616455 │ 124  │
└─────────┴───────┴──────┴───────┴───────┴────────────────────┴──────┘
┌─────────┬───────────┬──────────┐
│ (index) │ threshold │ retained │
├─────────┼───────────┼──────────┤
│ 0       │ 0.1       │ 2        │
│ 1       │ 0.3       │ 2        │
│ 2       │ 0.6       │ 2        │
│ 3       │ 0.9       │ 1        │
└─────────┴───────────┴──────────┘

【实验 4：EAST 距离与角度恢复顶点】
角度（度） 0 锚点(8,12)，四条距离(1,3,2,2)
┌─────────┬────┬────┐
│ (index) │ 0  │ 1  │
├─────────┼────┼────┤
│ 0       │ 6  │ 11 │
│ 1       │ 11 │ 11 │
│ 2       │ 11 │ 14 │
│ 3       │ 6  │ 14 │
└─────────┴────┴────┘
角度（度） 29.999999999999996 锚点(8,12)，四条距离(1,3,2,2)
┌─────────┬────────────────────┬────────────────────┐
│ (index) │ 0                  │ 1                  │
├─────────┼────────────────────┼────────────────────┤
│ 0       │ 6.767949192431122  │ 10.13397459621556  │
│ 1       │ 11.098076211353316 │ 12.63397459621556  │
│ 2       │ 9.598076211353316  │ 15.232050807568877 │
│ 3       │ 5.267949192431122  │ 12.732050807568877 │
└─────────┴────────────────────┴────────────────────┘
角度（度） 90 锚点(8,12)，四条距离(1,3,2,2)
┌─────────┬───┬────┐
│ (index) │ 0 │ 1  │
├─────────┼───┼────┤
│ 0       │ 9 │ 10 │
│ 1       │ 9 │ 15 │
│ 2       │ 6 │ 15 │
│ 3       │ 6 │ 10 │
└─────────┴───┴────┘

【实验 5：独立手算 IoU 与 NMS 对照】
交集=8，并集=24，IoU= 0.3333333333333333
┌─────────┬───────────┬──────┐
│ (index) │ threshold │ kept │
├─────────┼───────────┼──────┤
│ 0       │ 0.3       │ 1    │
│ 1       │ 0.4       │ 2    │
└─────────┴───────────┴──────┘

【实验 6：撤销 padding/缩放，以及空图和坏输入】
输入框 [8,10,20,18)，撤销 padding=(4,6)、scale=2 后 { x0: 2, y0: 2, x1: 8, y1: 6 }
所有实验自检通过。框只回答在哪里；下一章研究图像序列怎样转换为文本。
