23 固定种子 Transformer 前向实验：随机权重，无 OCR 识别能力

【实验 1：图像 → patch → 线性映射；逐个维度追踪】
┌─────────┬───┬───┬───┬───┬───┬───┬───┬───┐
│ (index) │ 0 │ 1 │ 2 │ 3 │ 4 │ 5 │ 6 │ 7 │
├─────────┼───┼───┼───┼───┼───┼───┼───┼───┤
│ 0       │ 0 │ 0 │ 0 │ 0 │ 1 │ 1 │ 1 │ 0 │
│ 1       │ 0 │ 1 │ 0 │ 0 │ 0 │ 0 │ 1 │ 0 │
│ 2       │ 0 │ 1 │ 0 │ 0 │ 0 │ 0 │ 1 │ 0 │
│ 3       │ 0 │ 1 │ 0 │ 0 │ 1 │ 1 │ 1 │ 0 │
└─────────┴───┴───┴───┴───┴───┴───┴───┴───┘
维度 {
  image: [ 4, 8, 1 ],
  patches: [ 8, 4 ],
  tokens: [ 8, 4 ],
  heads: 2,
  headSize: 2,
  decoderCross: [ 3, 8 ]
}
patch
┌─────────┬───┬───┬───┬───┐
│ (index) │ 0 │ 1 │ 2 │ 3 │
├─────────┼───┼───┼───┼───┤
│ 0       │ 0 │ 0 │ 0 │ 1 │
│ 1       │ 0 │ 0 │ 0 │ 0 │
│ 2       │ 1 │ 1 │ 0 │ 0 │
│ 3       │ 1 │ 0 │ 1 │ 0 │
│ 4       │ 0 │ 1 │ 0 │ 1 │
│ 5       │ 0 │ 0 │ 0 │ 0 │
│ 6       │ 0 │ 0 │ 1 │ 1 │
│ 7       │ 1 │ 0 │ 1 │ 0 │
└─────────┴───┴───┴───┴───┘
第一个 patch 的输入、投影矩阵与输出 [ 0, 0, 0, 1 ]
┌─────────┬──────────────────────┬──────────────────────┬─────────────────────┬──────────────────────┐
│ (index) │ 0                    │ 1                    │ 2                   │ 3                    │
├─────────┼──────────────────────┼──────────────────────┼─────────────────────┼──────────────────────┤
│ 0       │ -0.38934637084542456 │ -0.10453413323030807 │ 0.8228441063084778  │ -0.16191236120335378 │
│ 1       │ 0.34150742786515437  │ -0.6224902909625997  │ 0.6555226705546112  │ -0.5690051056794257  │
│ 2       │ 0.672047105499496    │ -0.2007526651223836  │ 0.21306992065310207 │ 0.6990466017444432   │
│ 3       │ -0.3865695339121134  │ -0.8336431147917026  │ -0.7486895903970797 │ 0.15652263858648202  │
└─────────┴──────────────────────┴──────────────────────┴─────────────────────┴──────────────────────┘
┌─────────┬─────────────────────┬─────────────────────┬─────────────────────┬─────────────────────┐
│ (index) │ 0                   │ 1                   │ 2                   │ 3                   │
├─────────┼─────────────────────┼─────────────────────┼─────────────────────┼─────────────────────┤
│ 0       │ -0.3865695339121134 │ -0.8336431147917026 │ -0.7486895903970797 │ 0.15652263858648202 │
└─────────┴─────────────────────┴─────────────────────┴─────────────────────┴─────────────────────┘

【实验 2：位置编码的频率与排列等变性】
位置编码
┌─────────┬──────────────────────┬─────────────────────┬──────────────────────┬────────────────────┐
│ (index) │ 0                    │ 1                   │ 2                    │ 3                  │
├─────────┼──────────────────────┼─────────────────────┼──────────────────────┼────────────────────┤
│ 0       │ 0                    │ 1                   │ 0                    │ 1                  │
│ 1       │ 0.8414709848078965   │ 0.5403023058681398  │ 0.009999833334166664 │ 0.9999500004166653 │
│ 2       │ 0.9092974268256817   │ -0.4161468365471424 │ 0.01999866669333308  │ 0.9998000066665778 │
│ 3       │ 0.1411200080598672   │ -0.9899924966004454 │ 0.02999550020249566  │ 0.9995500337489875 │
│ 4       │ -0.7568024953079282  │ -0.6536436208636119 │ 0.03998933418663416  │ 0.9992001066609779 │
│ 5       │ -0.9589242746631385  │ 0.28366218546322625 │ 0.04997916927067833  │ 0.9987502603949663 │
│ 6       │ -0.27941549819892586 │ 0.9601702866503661  │ 0.059964006479444595 │ 0.9982005399352042 │
│ 7       │ 0.6569865987187891   │ 0.7539022543433046  │ 0.06994284733753277  │ 0.9975510002532796 │
└─────────┴──────────────────────┴─────────────────────┴──────────────────────┴────────────────────┘
┌─────────┬───────────────────────┬───────────────────┐
│ (index) │ noPositionError       │ withPositionError │
├─────────┼───────────────────────┼───────────────────┤
│ 0       │ 4.440892098500626e-16 │ 2.556390772705307 │
└─────────┴───────────────────────┴───────────────────┘

【实验 3：两个头独立产生权重；拼接再投影】
第一查询投影后的 Q [
  -0.23164223082407254,
  0.20076526578614584,
  -0.27400495014132786,
  -0.6454237749428083
]
head 0 weights
┌─────────┬─────────────────────┬─────────────────────┬──────────────────────┬─────────────────────┬─────────────────────┬──────────────────────┬─────────────────────┬─────────────────────┐
│ (index) │ 0                   │ 1                   │ 2                    │ 3                   │ 4                   │ 5                    │ 6                   │ 7                   │
├─────────┼─────────────────────┼─────────────────────┼──────────────────────┼─────────────────────┼─────────────────────┼──────────────────────┼─────────────────────┼─────────────────────┤
│ 0       │ 0.13470243459135553 │ 0.15444619005893578 │ 0.10914848528293465  │ 0.11729410517044672 │ 0.11664294717619045 │ 0.10987940743873126  │ 0.13628963316037856 │ 0.121596797121027   │
│ 1       │ 0.15136597231526255 │ 0.11964514737577657 │ 0.07396271480238309  │ 0.11156705093292979 │ 0.11910338273259986 │ 0.144680736449092    │ 0.152541540797129   │ 0.12713345459482714 │
│ 2       │ 0.1882707929501221  │ 0.23978671411322078 │ 0.03446580038396839  │ 0.07557840267858977 │ 0.08015515744288121 │ 0.08074586337012712  │ 0.19891749057196395 │ 0.1020797784891267  │
│ 3       │ 0.19268969646401882 │ 0.2927363453889609  │ 0.02555194861190998  │ 0.06306364700320122 │ 0.0665807835708034  │ 0.06237240513387882  │ 0.206958239504259   │ 0.09004693432296784 │
│ 4       │ 0.1884236125446606  │ 0.2988740520476231  │ 0.027770959930168853 │ 0.06437788603939003 │ 0.06724762075741537 │ 0.060921936352502655 │ 0.20222363270578556 │ 0.09016029962245399 │
│ 5       │ 0.11763572586661417 │ 0.18574501780259708 │ 0.14928578400786077  │ 0.11903451295781699 │ 0.11128800912029714 │ 0.08413955152546128  │ 0.11938820756522582 │ 0.11348319115412685 │
│ 6       │ 0.16371273360071406 │ 0.20163307968333574 │ 0.06247968331319893  │ 0.09591468038519224 │ 0.09832297489747993 │ 0.09482615640772467  │ 0.16945426344906192 │ 0.11365642826329239 │
│ 7       │ 0.1896920125907345  │ 0.2895977415599889  │ 0.02802161621220307  │ 0.06547611382620332 │ 0.06870209391129897 │ 0.06359327790662016  │ 0.20321622840772888 │ 0.09170091558522225 │
└─────────┴─────────────────────┴─────────────────────┴──────────────────────┴─────────────────────┴─────────────────────┴──────────────────────┴─────────────────────┴─────────────────────┘
head 1 weights
┌─────────┬──────────────────────┬─────────────────────┬─────────────────────┬─────────────────────┬─────────────────────┬──────────────────────┬──────────────────────┬─────────────────────┐
│ (index) │ 0                    │ 1                   │ 2                   │ 3                   │ 4                   │ 5                    │ 6                    │ 7                   │
├─────────┼──────────────────────┼─────────────────────┼─────────────────────┼─────────────────────┼─────────────────────┼──────────────────────┼──────────────────────┼─────────────────────┤
│ 0       │ 0.04850678685118867  │ 0.10125366585618849 │ 0.2828734565041683  │ 0.1753555932013657  │ 0.14879505481433902 │ 0.03634615147332622  │ 0.0695137566558747   │ 0.1373555346435489  │
│ 1       │ 0.08409647124586044  │ 0.08603412815951818 │ 0.17462982160562446 │ 0.16010306225059354 │ 0.15492144733427907 │ 0.09496964152775272  │ 0.09919223115382211  │ 0.14605319672254938 │
│ 2       │ 0.07380262662122444  │ 0.09190248176286307 │ 0.20162407783879097 │ 0.16613378736377735 │ 0.15510714105561002 │ 0.07428732056295757  │ 0.09163519389224715  │ 0.1455073709025295  │
│ 3       │ 0.028369205793623228 │ 0.06687011028733096 │ 0.35152936374074517 │ 0.19168628505822094 │ 0.15531639623971566 │ 0.022160696904004986 │ 0.04793572389688144  │ 0.13613221807947773 │
│ 4       │ 0.024982907527104834 │ 0.06628659997557154 │ 0.3735200984520078  │ 0.19053678865277288 │ 0.1509541793389259  │ 0.018289093484335675 │ 0.04376371558558963  │ 0.1316666169836917  │
│ 5       │ 0.04163933972288521  │ 0.12649512615555047 │ 0.3211461253876867  │ 0.16665287748272847 │ 0.13340746035423814 │ 0.023895094848861077 │ 0.06225661205874561  │ 0.12450736398930441 │
│ 6       │ 0.033082880415636694 │ 0.07779653266092887 │ 0.3351116237285273  │ 0.1868751669699109  │ 0.15272384223059524 │ 0.0249069615838868   │ 0.053400209307362334 │ 0.1361027831031519  │
│ 7       │ 0.0234420326089331   │ 0.062919914518182   │ 0.3807691360492377  │ 0.19165256355444218 │ 0.15110393507291256 │ 0.01726677065269941  │ 0.041819517903651474 │ 0.13102612963994156 │
└─────────┴──────────────────────┴─────────────────────┴─────────────────────┴─────────────────────┴─────────────────────┴──────────────────────┴──────────────────────┴─────────────────────┘
拼接前 head0 / head1 [
  [ 1.3510403261745099, -0.13389883149066847 ],
  [ -0.7371631698222225, -0.807081565502507 ]
]
拼接后 [
  1.3510403261745099,
  -0.13389883149066847,
  -0.7371631698222225,
  -0.807081565502507
] Wo 投影后 [
  -0.24069509172213077,
  0.15983052027787825,
  1.2570203227176444,
  2.001514968304593
]

【实验 4：LayerNorm、残差与逐位置 FFN】
LN([1,3]) = [ [ -0.9999950000374997, 0.9999950000374997 ] ]
输入第一行 [
  -0.3865695339121134,
  0.1663568852082974,
  -0.7486895903970797,
  1.156522638586482
] 第一残差 [
  -0.6272646256342442,
  0.32618740548617564,
  0.5083307323205647,
  3.1580376068910754
] 经过 FFN 后 [
  -1.1737129454912618,
  0.06531720274510433,
  -0.14638311289085626,
  2.7486034301816087
]

【实验 5：因果遮罩与视觉 cross attention】
┌─────────┬────────────────────┬─────────────────────┬────────────────────┐
│ (index) │ 0                  │ 1                   │ 2                  │
├─────────┼────────────────────┼─────────────────────┼────────────────────┤
│ 0       │ 1                  │ 0                   │ 0                  │
│ 1       │ 0.5362818985996565 │ 0.46371810140034353 │ 0                  │
│ 2       │ 0.285284359561708  │ 0.20432671298788457 │ 0.5103889274504074 │
└─────────┴────────────────────┴─────────────────────┴────────────────────┘
decoder cross attention
┌─────────┬─────────────────────┬──────────────────────┬───────────────────────┬───────────────────────┬─────────────────────┬─────────────────────┬──────────────────────┬───────────────────────┐
│ (index) │ 0                   │ 1                    │ 2                     │ 3                     │ 4                   │ 5                   │ 6                    │ 7                     │
├─────────┼─────────────────────┼──────────────────────┼───────────────────────┼───────────────────────┼─────────────────────┼─────────────────────┼──────────────────────┼───────────────────────┤
│ 0       │ 0.17196649712219533 │ 0.006258256580924462 │ 0.00291679852505862   │ 0.006673701986027871  │ 0.4942315994921249  │ 0.2854606986779751  │ 0.03144976872111582  │ 0.0010426788945780091 │
│ 1       │ 0.16987767702593265 │ 0.005901145087140594 │ 0.002737519142780589  │ 0.006314155165253537  │ 0.49734739045489884 │ 0.28659445047157334 │ 0.030264330042792883 │ 0.0009633326096275117 │
│ 2       │ 0.17310258742758122 │ 0.006116937331180015 │ 0.0027868501679422226 │ 0.0064842650683808204 │ 0.49732794968287236 │ 0.28181408243866723 │ 0.03137685067330448  │ 0.0009904772100715815 │
└─────────┴─────────────────────┴──────────────────────┴───────────────────────┴───────────────────────┴─────────────────────┴─────────────────────┴──────────────────────┴───────────────────────┘
改变未来 token 后前两行误差 0

【实验 6：生成循环保留重复零、遇到 EOS 停止】
已知前缀 [ 2 ]
已知前缀 [ 2, 0 ]
已知前缀 [ 2, 0, 0 ]
已知前缀 [ 2, 0, 0, 1 ]
受控 logits 测试生成循环，非图像预测 { tokens: [ 0, 0, 1 ], stoppedBy: 'eos', steps: 4 }

【实验 7：patch 大小改变 token 数与注意力存储；非法裁剪应失败】
┌─────────┬───────────┬────────┬─────────────────────────┐
│ (index) │ patchSize │ tokens │ weightsPerLayerTwoHeads │
├─────────┼───────────┼────────┼─────────────────────────┤
│ 0       │ 2         │ 8      │ 128                     │
│ 1       │ 4         │ 2      │ 8                       │
└─────────┴───────────┴────────┴─────────────────────────┘
所有实验自检通过。下一章将区分模型分数、字符错误率与整串正确率。
