第 25 章：从 RGBA 照片到完整数字串
基础知识：03 灰度、04 阈值、07 校正、09 连通域、10 分割、17 数字模型。

==========================================================
实验 1：透明像素与纸张背景的约定
==========================================================
输入：透明黑 (0,0,0,0)，半透明黑 (0,0,0,128)
白底合成公式：C = α × 原色 + (1−α) × 255
结果灰度： 255 127
透明背景不代表黑色笔画；相同 RGB 值不能忽略 alpha。

==========================================================
实验 2：积分图怎样加速局部阈值
==========================================================
输入 9×7；窗口 3×3；偏移 C=8。
左上角窗口只有 [0, 19; 31, 50]，均值 25，阈值 17。
当前像素 0 < 17，因此输出黑色： 0
矩形和 = P(右下) − P(左下) − P(右上) + P(左上)。
完整图像与第 04 章朴素实现逐字节一致。

==========================================================
实验 3：断笔与孤立噪点：一个连通域并不等于一个数字
==========================================================
受控形状，只用于分割测试，不冒充真实数字：
                                                                                                        
  ██                                                                                                    
                                                                                                        
                                                                                                        
          ████████████                  ████████████                  ████████████                      
          ████████████                  ████████████                  ████████████                      
          ████████████                  ████████████                  ████████████                      
          ████████████                  ████████████                  ████████████                      
          ████████████                  ████████████                  ████████████                      
                                        ████████████                  ████████████                      
          ████████████                  ████████████                  ████████████                      
          ████████████                  ████████████                  ████████████                      
          ████████████                  ████████████                  ████████████                      
          ████████████                  ████████████                  ████████████                      
          ████████████                  ████████████                  ████████████                      
                                                                                                        
                                                                                                        
                                                                                                        
                                                                                                        
过滤孤立噪点后：
                                                                                                        
                                                                                                        
                                                                                                        
                                                                                                        
          ████████████                  ████████████                  ████████████                      
          ████████████                  ████████████                  ████████████                      
          ████████████                  ████████████                  ████████████                      
          ████████████                  ████████████                  ████████████                      
          ████████████                  ████████████                  ████████████                      
                                        ████████████                  ████████████                      
          ████████████                  ████████████                  ████████████                      
          ████████████                  ████████████                  ████████████                      
          ████████████                  ████████████                  ████████████                      
          ████████████                  ████████████                  ████████████                      
          ████████████                  ████████████                  ████████████                      
                                                                                                        
                                                                                                        
                                                                                                        
                                                                                                        
┌─────────┬────┬───┬───────┬────────┐
│ (index) │ x  │ y │ width │ height │
├─────────┼────┼───┼───────┼────────┤
│ 0       │ 5  │ 4 │ 6     │ 11     │
│ 1       │ 20 │ 4 │ 6     │ 11     │
│ 2       │ 35 │ 4 │ 6     │ 11     │
└─────────┴────┴───┴───────┴────────┘
第一个形状上下断开，但列投影重叠，仍形成一个字符框。
如果两个数字横向粘连，列投影可能无法找到分界，这是此路线的限制。

==========================================================
实验 4：将不同大小的字符统一成模型输入
==========================================================
裁剪尺寸： 8 × 13
模型约定： {
  id: 'dark-rgba-bbox20-centroid-v1',
  width: 28,
  height: 28,
  foreground: 1,
  background: 0,
  threshold: 0.08,
  contentSize: 20,
  centering: 'intensity-centroid-rounded',
  interpolation: 'bilinear'
}
输入向量长度： 784
背景=0，笔画强度趋近1；保留比例缩放，按灰度质心居中。
归一化的 28×28 展示图（仍以黑笔画显示）：
                                                        
                                                        
                                                        
                                                        
                  ██████████████████████                
                  ██████████████████████                
                  ██████████████████████                
                  ██████████████████████                
                  ██████████████████████                
                  ██████████████████████                
                  ██████████████████████                
                  ██████████████████████                
                  ██████████████████████                
                                                        
                                                        
                  ██████████████████████                
                  ██████████████████████                
                  ██████████████████████                
                  ██████████████████████                
                  ██████████████████████                
                  ██████████████████████                
                  ██████████████████████                
                  ██████████████████████                
                  ██████████████████████                
                                                        
                                                        
                                                        
                                                        

==========================================================
实验 5：使用自己训练的 CNN 识别完整合成手写行
==========================================================
模型标识： ocr-mnist-cnn-v1-9c7b0b8e8224
图像来源：MNIST 验证分区字迹拼接，非手机实拍。
┌─────────┬───────┬─────┬───────┬────────────┬────────────┐
│ (index) │ index │ x   │ width │ prediction │ modelScore │
├─────────┼───────┼─────┼───────┼────────────┼────────────┤
│ 0       │ 1     │ 52  │ 45    │ '0'        │ '1.0000'   │
│ 1       │ 2     │ 135 │ 55    │ '0'        │ '1.0000'   │
│ 2       │ 3     │ 226 │ 48    │ '1'        │ '0.9976'   │
│ 3       │ 4     │ 314 │ 57    │ '2'        │ '0.7086'   │
│ 4       │ 5     │ 406 │ 41    │ '0'        │ '1.0000'   │
│ 5       │ 6     │ 485 │ 55    │ '8'        │ '0.9201'   │
└─────────┴───────┴─────┴───────┴────────────┴────────────┘
拼接结果（字符串）： "001208"
模型得分不是准确率；实际答案由评估模块单独读取。耗时： 86 ms

==========================================================
实验 6：同一图片的 Otsu 与局部阈值对照
==========================================================
┌─────────┬────────────┬───────┬────────────┬──────────────┐
│ (index) │ method     │ boxes │ prediction │ milliseconds │
├─────────┼────────────┼───────┼────────────┼──────────────┤
│ 0       │ 'Otsu'     │ 6     │ '001208'   │ 86           │
│ 1       │ '局部均值' │ 6     │ '001208'   │ 37           │
└─────────┴────────────┴───────┴────────────┴──────────────┘
适合单峰/双峰、光照条件与笔画宽度的策略不同；比较结果，不默认越多预处理越好。

==========================================================
实验 7：空白与非法输入的恢复边界
==========================================================
白纸结果： empty "" ；没有强行分类为0。
空白前景边界： null
偶数窗口被明确拒绝： 窗口应为不小于 3 的奇数，偏移应为有限数值。
下一章：用正确答案、编辑距离和独立样本评估，不把这些受控实验当成实拍成绩。

============================
Hi, looks like you are running TensorFlow.js in Node.js. To speed things up dramatically, install our node backend, visit https://github.com/tensorflow/tfjs-node for more details. 
============================
