

╔════════════════════════════════════════════════════════════════╗
║           04. 二值化 (Binarization / Thresholding)             ║
║                    OCR 学习项目 - 第四章                       ║
╚════════════════════════════════════════════════════════════════╝

前置知识：01-03 章节 ✅


============================================================
📖 演示 1：为什么要二值化？
============================================================

【二值化的意义】

二值化是 OCR 预处理的关键步骤：

1. 【简化数据】
   - 灰度图：256 个灰度级（8-bit）
   - 二值图：2 个灰度级（1-bit）
   - 只有位打包存储才能减至1/8；本项目RGBA存储不变

2. 【分离前景和背景】
   - 文字（前景）→ 黑色 (0)
   - 背景 → 白色 (255)
   - 明确区分便于后续处理

3. 【减少噪声影响】
   - 中间灰度级被映射，噪声也可能变成黑白斑点
   - 只保留明确的黑白信息

4. 【便于后续算法】
   - 连通域分析需要二值图
   - 本课二值形态学需要二值图，灰度形态学另有定义
   - 轮廓检测需要二值图

【OCR 预处理流水线】

┌────────┐   ┌────────┐   ┌────────┐   ┌────────┐
│ 彩色图 │ → │ 灰度图 │ → │ 二值图 │ → │ 去噪  │ → ...
└────────┘   └────────┘   └────────┘   └────────┘
                            ↑ 当前学习


============================================================
🔢 演示 2：固定阈值二值化
============================================================

【固定阈值原理】

使用一个固定的值作为分界点：

if (grayValue >= threshold)
    pixel = 255 (白色)
else
    pixel = 0   (黑色)

【阈值选择的影响】

阈值过高 → 黑色类增大，文字变粗，背景可能变黑
阈值过低 → 黑色类缩小，文字变细甚至断裂

【测试图像（5×3 灰度图）】

原始灰度值：
    30  50 100 150 200
    40  60 128 180 220
    20  80 127 160 240

阈值 = 80 的二值化结果：
    ■   ■   □   □   □ 
    ■   ■   □   □   □ 
    ■   □   □   □   □ 

阈值 = 128 的二值化结果：
    ■   ■   ■   □   □ 
    ■   ■   □   □   □ 
    ■   ■   ■   □   □ 

阈值 = 180 的二值化结果：
    ■   ■   ■   ■   □ 
    ■   ■   ■   □   □ 
    ■   ■   ■   ■   □ 

============================================================
⭐ 演示 3：Otsu 算法（大津算法）
============================================================

【Otsu 算法核心思想】

寻找一个阈值 t，使得前景和背景的"类间方差"最大。
最大化的是灰度分组统计目标，不保证OCR语义分割最佳。
Otsu低灰度类包含t，应用固定阈值时用T=t+1。

【类间方差公式】

σ²(t) = w0(t) × w1(t) × [μ0(t) - μ1(t)]²

其中：
- w0 = 前景像素数 / 总像素数（前景权重）
- w1 = 背景像素数 / 总像素数（背景权重）
- μ0 = 前景像素的平均灰度值
- μ1 = 背景像素的平均灰度值

【算法步骤】

1. 计算灰度直方图
2. 遍历所有可能的阈值（0-255）
3. 对每个阈值计算类间方差
4. 选择使类间方差最大的阈值


【模拟双峰直方图】
  峰1（文字区域）：灰度值 30-70，中心 50
  峰2（背景区域）：灰度值 180-220，中心 200

直方图可视化（简化）：

频率
  │      ▓▓                              ▓▓▓
  │     ▓▓▓▓                            ▓▓▓▓▓
  │    ▓▓▓▓▓▓                          ▓▓▓▓▓▓▓
  └────────────────────────────────────────────── 灰度值
        50                   ↑            200
                         Otsu阈值

【Otsu 计算结果】

  最佳阈值: 70
  类间方差: 5404.17
  前景像素比例: 40.1%
  背景像素比例: 59.9%


【Otsu 算法的优势】

1. 全自动：无需手动调整阈值
2. 效果好：基于统计学原理，通常能找到较优解
3. 快速：只需遍历 256 个可能的阈值

【Otsu 算法的局限】

1. 不要求双峰；分布重叠或类别失衡时，统计最优未必语义正确
2. 对光照不均匀的图像效果不佳
3. 全局阈值，不能处理局部差异


【Otsu边界与六像素方差验算】
{
  input: [ 0, 255 ],
  t: 0,
  whiteLowerBound: 1,
  variance: 16256.25,
  w0: 0.5,
  w1: 0.5,
  validSplit: true,
  output: [ 0, 255 ]
}
{
  input: [ 30, 40, 50, 180, 190, 200 ],
  t: 50,
  whiteLowerBound: 51,
  variance: 5625,
  w0: 0.5,
  w1: 0.5,
  validSplit: true,
  output: [ 0, 0, 0, 255, 255, 255 ]
}
{
  input: [ 128, 128 ],
  t: 0,
  whiteLowerBound: 1,
  variance: 0,
  w0: 0,
  w1: 1,
  validSplit: false,
  output: [ 255, 255 ]
}
六像素例：σW²=200/3，σB²=5625，σT²=5691⅔；总方差=类内+类间。
单灰度图没有有效二类分割，t=0仅为确定性回退，不能当识别成功。

============================================================
🔧 演示 4：自适应阈值
============================================================

【自适应阈值原理】

每个像素的阈值根据其局部邻域动态计算：

threshold(x, y) = mean(邻域) - C

其中：
- 邻域：以 (x, y) 为中心的 blockSize × blockSize 区域
- mean：邻域内所有像素的平均灰度值
- C：常数，用于调整敏感度

【适用场景】

1. 光照不均匀的图像
2. 有渐变背景的文档
3. 阴影覆盖的文字

【与全局阈值的对比】

全局阈值（固定/Otsu）：
┌──────────────────────────────┐
│ 整张图使用同一个阈值        │
│ 光照不均时效果差            │
└──────────────────────────────┘

自适应阈值：
┌──────────────────────────────┐
│ 每个像素有自己的阈值        │
│ 能处理局部光照差异          │
└──────────────────────────────┘

【参数说明】

blockSize（邻域大小）：
  - 值越大，考虑的局部区域越大
  - 太小：容易受噪声影响
  - 太大：失去局部适应性
  - 推荐：11-31 之间的奇数

C（常数）：
  - 正值：阈值降低，更多像素变白
  - 负值：阈值升高，更多像素变黑
  - 推荐：2-10 之间

【自适应阈值演示】

模拟光照不均的图像（左暗右亮，中间有文字）：

原始灰度值（20/120=文字，60-200=渐变背景）：
    60  70  80  90 100 160 170 180 190 200
    20  70  80  90 100 160 170 120 190 200
    60  20  80  90 100 160 120 180 190 200
    60  70  20  90 100 120 170 180 190 200
    60  70  80  90 100 160 170 180 190 200

【使用固定阈值 = 100 的结果】（全局阈值，效果不佳）：

    ■   ■   ■   ■   □   □   □   □   □   □ 
    ■   ■   ■   ■   □   □   □   □   □   □ 
    ■   ■   ■   ■   □   □   □   □   □   □ 
    ■   ■   ■   ■   □   □   □   □   □   □ 
    ■   ■   ■   ■   □   □   □   □   □   □ 
  问题：左边的背景被误判为文字（都是■）

【使用自适应阈值的结果】（blockSize=5, C=10）：

    □   □   □   □   ■   □   □   □   □   □ 
    ■   □   □   □   ■   □   □   ■   □   □ 
    □   ■   □   □   ■   □   ■   □   □   □ 
    □   □   ■   □   ■   ■   □   □   □   □ 
    □   □   □   □   □   □   □   □   □   □ 
  自适应阈值能更好地分离文字和渐变背景！

============================================================
🔄 演示 5：完整的二值化流程
============================================================

【模拟灰度图像（简化的 "H" 字母）】

灰度值（30=深色/文字，200=浅色/背景）：
   200 200  30 200  30 200 200 200
   200 200  30 200  30 200 200 200
   200 200  30  30  30 200 200 200
   200 200  30 200  30 200 200 200
   200 200  30 200  30 200 200 200

【Otsu 阈值计算】
  自动计算的阈值: 30

【二值化结果】

  ■ = 黑色(0) = 文字
  □ = 白色(255) = 背景

    □   □   ■   □   ■   □   □   □ 
    □   □   ■   □   ■   □   □   □ 
    □   □   ■   ■   ■   □   □   □ 
    □   □   ■   □   ■   □   □   □ 
    □   □   ■   □   ■   □   □   □ 

文字 "H" 已被成功提取！

============================================================
📊 演示 6：阈值选择对比
============================================================

【测试图像】
  行1: 背景区域 (灰度 ≈ 185-200)
  行2: 文字区域 (灰度 ≈ 30-50)
  行3: 混合区域 (灰度 ≈ 90-130)

  Otsu 自动阈值: 125

【不同阈值的二值化结果】

           T=80           t=125(Otsu，T=t+1)    T=150
          ──────────    ──────────    ──────────
  行1:   □□□□□□□□□□    □□□□□□□□□□    □□□□□□□□□□
  行2:   ■■■■■■■■■■    ■■■■■■■■■■    ■■■■■■■■■■
  行3:   □□□□□□□□□□    ■■■□■■■■■■    ■■■■■■■■■■


【分析】

阈值=80（过低）：
  - 第3行的混合区域都变成了背景（白）
  - 可能导致浅色文字丢失

阈值=125（Otsu）：
  - 自动找到合适的分界点
  - 文字和背景分离较好

阈值=150（过高）：
  - 第3行的混合区域都变成了前景（黑）
  - 可能导致噪声增多


============================================================
📚 本章总结
============================================================

【核心知识点回顾】

1. 二值化将灰度图转为只有黑白两色的图像
2. 固定阈值简单但需要手动调整
3. Otsu 算法基于类间方差最大化，自动计算最佳阈值
4. 自适应阈值适合处理光照不均的图像

【三种二值化方法对比】

| 方法     | 优点           | 缺点                   |
|----------|----------------|------------------------|
| 固定阈值 | 简单快速       | 需手动调整，不够灵活   |
| Otsu     | 自动化，效果好 | 可能分错语义区域           |
| 自适应   | 处理光照不均   | 计算量大，参数需调优   |

【可复用模块】

已添加到 shared/imageUtils.js：
- binarizeFixed(imageData, threshold) - 固定阈值
- binarizeOtsu(imageData) - Otsu 自动阈值
- calculateOtsuThreshold(histogram) - 计算 Otsu 阈值
- binarizeAdaptive(imageData, blockSize, C) - 自适应阈值

【下一步学习】

继续学习 05. 图像去噪，处理二值化后可能出现的噪点！

