============================================================
05. 图像去噪 (Image Denoising) 演示
============================================================

【1. 滤波核演示】


3×3 均值核 (3×3):
┌───────────────────────────┐
│ 0.1111 │ 0.1111 │ 0.1111 │
│ 0.1111 │ 0.1111 │ 0.1111 │
│ 0.1111 │ 0.1111 │ 0.1111 │
└───────────────────────────┘
权重总和: 1.000000

3×3 高斯核 (σ=1.0) (3×3):
┌───────────────────────────┐
│ 0.0751 │ 0.1238 │ 0.0751 │
│ 0.1238 │ 0.2042 │ 0.1238 │
│ 0.0751 │ 0.1238 │ 0.0751 │
└───────────────────────────┘
权重总和: 1.000000

5×5 高斯核 (σ=1.5) (5×5):
┌─────────────────────────────────────────────┐
│ 0.0144 │ 0.0281 │ 0.0351 │ 0.0281 │ 0.0144 │
│ 0.0281 │ 0.0547 │ 0.0683 │ 0.0547 │ 0.0281 │
│ 0.0351 │ 0.0683 │ 0.0853 │ 0.0683 │ 0.0351 │
│ 0.0281 │ 0.0547 │ 0.0683 │ 0.0547 │ 0.0281 │
│ 0.0144 │ 0.0281 │ 0.0351 │ 0.0281 │ 0.0144 │
└─────────────────────────────────────────────┘
权重总和: 1.000000

【2. 创建测试图像】

原始图像 (10×10):
      0    1    2    3    4    5    6    7    8    9 
 0  128  128  128  128  128  128  128  128  128  128 
 1  128  128  128  128  128  128  128  128  128  128 
 2  128  128  128  128  128  128  128  128  128  128 
 3  128  128  128  128   50   50  128  128  128  128 
 4  128  128  128   50   50   50   50  128  128  128 
 5  128  128  128   50   50   50   50  128  128  128 
 6  128  128  128  128   50   50  128  128  128  128 
 7  128  128  128  128  128  128  128  128  128  128 
 8  128  128  128  128  128  128  128  128  128  128 
 9  128  128  128  128  128  128  128  128  128  128 

【3. 高斯噪声去噪测试】

添加高斯噪声后:
      0    1    2    3    4    5    6    7    8    9 
 0  139  147  192  126   98  156  148  102   90  164 
 1   97  111   90   64  103   92  159  178  127  144 
 2  183  135   86  145  146   99  146  171  144  101 
 3  110  149  154  101   45   28   82  141  128  138 
 4  139  151  124   11   53   62    0  129  119  195 
 5  128  144  133   60   72   64   38  137  144  170 
 6  109  152   60  173   44   71   77  125  131  116 
 7  139  169  136  132  145  133  168   90  109   87 
 8   99   83  124  156  135  143  107  118  123   73 
 9   91  162  167  145  144   71  158  112  184  139 

均值滤波后:
      0    1    2    3    4    5    6    7    8    9 
 0  128  139  133  121  113  129  138  127  129  139 
 1  137  131  122  117  114  127  139  141  136  131 
 2  131  124  115  104   91  100  122  142  141  129 
 3  144  137  117   96   77   73   95  118  141  140 
 4  133  137  114   84   55   49   76  102  145  155 
 5  133  127  112   81   68   53   78  100  141  151 
 6  135  130  129  106   99   90  100  113  123  126 
 7  122  119  132  123  126  114  115  116  108  102 
 8  119  130  142  143  134  134  122  130  115  113 
 9  108  127  146  147  128  126  117  140  132  133 
PSNR: 23.91 dB（含噪基线 18.70 dB）

高斯滤波后:
      0    1    2    3    4    5    6    7    8    9 
 0  130  142  142  121  113  131  140  124  122  143 
 1  131  126  116  110  110  123  142  145  135  133 
 2  137  127  114  108  100  100  126  148  140  126 
 3  140  138  122   95   74   67   90  123  138  140 
 4  134  139  115   74   53   48   66  105  142  160 
 5  132  132  112   82   66   56   71  107  141  154 
 6  131  131  124  108   95   86   97  114  124  124 
 7  126  127  130  130  125  120  119  116  108   99 
 8  113  126  138  143  137  131  125  124  117  106 
 9  106  131  149  148  129  119  121  137  140  134 
PSNR: 24.15 dB

中值滤波后:
      0    1    2    3    4    5    6    7    8    9 
 0  139  139  126  103  103  148  148  127  127  144 
 1  139  135  126  103  103  146  148  146  144  144 
 2  111  111  111  101   99   99  141  144  141  138 
 3  139  139  135  101   62   62   99  129  138  138 
 4  139  139  133   72   60   53   64  128  138  144 
 5  139  133  133   60   62   62   71  125  131  144 
 6  139  136  136  132   72   72   90  125  125  116 
 7  109  124  136  135  135  133  118  118  116  109 
 8   99  136  145  144  143  143  118  118  112  109 
 9   91  124  156  145  144  143  112  123  123  139 
PSNR: 24.20 dB

【4. 椒盐噪声去噪测试】

添加椒盐噪声后 (逐像素10%概率，固定种子20260911):
      0    1    2    3    4    5    6    7    8    9 
 0  128  128  128  128  128  128  128  128  128  128 
 1  128  128  128  255  128  128  128  128    0  128 
 2  128  128  128  128  128  128  128  128  128  128 
 3  128  128  128  128  255   50  128  128    0  128 
 4  128  128  128   50   50   50   50  128  128  128 
 5  128  255  128   50   50   50   50  128  128  128 
 6  128  128  128  128   50   50  128  128  128  128 
 7  128  128  128  128  128  128  128  128    0  128 
 8  128  128  128  128    0  128  128  128  128  128 
 9  128  128  128  255  128  128  128  128  128  128 

均值滤波后:
      0    1    2    3    4    5    6    7    8    9 
 0  128  128  142  142  142  128  128  114  114  114 
 1  128  128  142  142  142  128  128  114  114  114 
 2  128  128  142  156  148  133  119  100  100  100 
 3  128  128  119  125  107  107  102  105  114  114 
 4  142  142  125  107   81   81   85   96  114  114 
 5  142  142  125   85   59   59   85  111  128  128 
 6  142  142  133  102   85   85  102  105  114  114 
 7  128  128  128  105   96   96  119  114  114  114 
 8  128  128  142  128  128  114  128  114  114  114 
 9  128  128  156  142  142  114  128  128  128  128 
PSNR: 22.49 dB

中值滤波后:
      0    1    2    3    4    5    6    7    8    9 
 0  128  128  128  128  128  128  128  128  128  128 
 1  128  128  128  128  128  128  128  128  128  128 
 2  128  128  128  128  128  128  128  128  128  128 
 3  128  128  128  128  128  128  128  128  128  128 
 4  128  128  128  128   50   50   50  128  128  128 
 5  128  128  128   50   50   50   50  128  128  128 
 6  128  128  128  128   50   50  128  128  128  128 
 7  128  128  128  128  128  128  128  128  128  128 
 8  128  128  128  128  128  128  128  128  128  128 
 9  128  128  128  128  128  128  128  128  128  128 
PSNR: 25.52 dB

【5. 去噪效果对比总结】

┌─────────────────┬────────────────────┬────────────────────┐
│     滤波器      │   高斯噪声 PSNR    │   椒盐噪声 PSNR    │
├─────────────────┼────────────────────┼────────────────────┤
│     均值滤波    │       23.91 dB    │       22.49 dB    │
│     高斯滤波    │       24.15 dB    │         N/A        │
│     中值滤波    │       24.20 dB    │       25.52 dB    │
└─────────────────┴────────────────────┴────────────────────┘

结论：
1. 以上PSNR只描述这个固定样例，不保证某滤波器始终最佳。
2. 中值通常对稀疏椒盐有效，也可能抹去细笔画；须比较原始含噪PSNR和识别结果。
3. 混合噪声：可以先中值再高斯滤波

【6. 卷积操作详解】

卷积计算过程演示：

原始图像区域 (3×3):
┌─────┬─────┬─────┐
│ 100 │ 120 │ 110 │
├─────┼─────┼─────┤
│  90 │ 255 │ 130 │  ← 中心像素 255（噪点）
├─────┼─────┼─────┤
│  80 │  95 │ 105 │
└─────┴─────┴─────┘

3×3 均值核:
┌───────┬───────┬───────┐
│ 1/9   │ 1/9   │ 1/9   │
├───────┼───────┼───────┤
│ 1/9   │ 1/9   │ 1/9   │
├───────┼───────┼───────┤
│ 1/9   │ 1/9   │ 1/9   │
└───────┴───────┴───────┘

均值滤波计算：
新像素值 = (100+120+110+90+255+130+80+95+105) / 9
        = 1085 / 9
        = 120.56 ≈ 121

结果：噪点 255 → 121（被平滑了）

中值滤波计算：
邻域值: [100, 120, 110, 90, 255, 130, 80, 95, 105]
排序后: [80, 90, 95, 100, 105, 110, 120, 130, 255]
中值: 105（第5个位置）

结果：255 → 105（取邻域中值，不等于已知真实像素）

【7. 相关方向、细线损失与PSNR边界】
非对称核中心：相关=10，卷积=40
一像素宽黑线经3×3中值后中心=255（黑线消失）
PSNR([0,255],[0,0])=3.0103dB；同图=Infinity
PSNR需要同尺寸、对齐的灰度参考；不等于OCR准确率。

============================================================
演示完成！
============================================================
