============================================================
10. 文本区域定位 - 算法演示
============================================================

【步骤 1】创建测试图像

原始二值图像（模拟 ABC/DE/F 三行文字） (100x60):
 5|            ██        ███         ███                                                               |
 6|           █  █       █  █       █                                                                  |
 7|           █  █       █  █       █                                                                  |
 8|           ████       ███        █                                                                  |
 9|           █  █       █  █       █                                                                  |
10|           █  █       █  █       █                                                                  |
11|           █  █       ███         ███                                                               |
25|               ███          ████                                                                    |
26|               █  █         █                                                                       |
27|               █  █         █                                                                       |
28|               █  █         ███                                                                     |
29|               █  █         █                                                                       |
30|               █  █         █                                                                       |
31|               ███          ████                                                                    |
45|                    ████                                                                            |
46|                    █                                                                               |
47|                    █                                                                               |
48|                    ███                                                                             |
49|                    █                                                                               |
50|                    █                                                                               |
51|                    █                                                                               |


【步骤 2】连通域分析
  检测到 6 个连通域

  区域属性：
    区域 1: 面积=16, 边界框=(11,5,4x7), 宽高比=0.57, 填充率=0.57
    区域 2: 面积=17, 边界框=(22,5,4x7), 宽高比=0.57, 填充率=0.61
    区域 3: 面积=11, 边界框=(33,5,4x7), 宽高比=0.57, 填充率=0.39
    区域 4: 面积=16, 边界框=(15,25,4x7), 宽高比=0.57, 填充率=0.57
    区域 5: 面积=15, 边界框=(28,25,4x7), 宽高比=0.57, 填充率=0.54
    区域 6: 面积=12, 边界框=(20,45,4x7), 宽高比=0.57, 填充率=0.43

【步骤 3】区域筛选（筛选候选字符）
  筛选后保留 6 个候选字符区域

【步骤 4】投影分析检测文字行

水平投影:
 5|████████████████████ (8)
 6|█████████████ (5)
 7|█████████████ (5)
 8|████████████████████ (8)
 9|█████████████ (5)
10|█████████████ (5)
11|████████████████████ (8)
25|██████████████████ (7)
26|████████ (3)
27|████████ (3)
28|█████████████ (5)
29|████████ (3)
30|████████ (3)
31|██████████████████ (7)
45|██████████ (4)
46|███ (1)
47|███ (1)
48|████████ (3)
49|███ (1)
50|███ (1)
51|███ (1)

  检测到 3 行文字：
    第 1 行: y=5, height=7
    第 2 行: y=25, height=7
    第 3 行: y=45, height=7

【步骤 5】字符分割（对每行使用垂直投影）

  处理第 1 行 (y=5-12):
    垂直投影非零位置数: 12
    分割出 3 个字符：
      字符 1: x=11-15, width=4
      字符 2: x=22-26, width=4
      字符 3: x=33-37, width=4

  处理第 2 行 (y=25-32):
    垂直投影非零位置数: 8
    分割出 2 个字符：
      字符 1: x=15-19, width=4
      字符 2: x=28-32, width=4

  处理第 3 行 (y=45-52):
    垂直投影非零位置数: 4
    分割出 1 个字符：
      字符 1: x=20-24, width=4

【步骤 6】字符排序（按阅读顺序）
  排序后的字符顺序：
    1. 位置 (11, 5)
    2. 位置 (22, 5)
    3. 位置 (33, 5)
    4. 位置 (15, 25)
    5. 位置 (28, 25)
    6. 位置 (20, 45)

【步骤 7】RLSA 游程平滑算法演示
  RLSA 用于连接同一行的字符，形成文字行块

RLSA 处理后（阈值=8，连接水平间隔≤8的前景像素） (100x60):
 5|            █████████████         ███                                                               |
 6|           ███████████████████████                                                                  |
 7|           ███████████████████████                                                                  |
 8|           ███████████████████████                                                                  |
 9|           ███████████████████████                                                                  |
10|           ███████████████████████                                                                  |
11|           ██████████████         ███                                                               |
25|               ███          ████                                                                    |
26|               ████         █                                                                       |
27|               ████         █                                                                       |
28|               ████         ███                                                                     |
29|               ████         █                                                                       |
30|               ████         █                                                                       |
31|               ███          ████                                                                    |
45|                    ████                                                                            |
46|                    █                                                                               |
47|                    █                                                                               |
48|                    ███                                                                             |
49|                    █                                                                               |
50|                    █                                                                               |
51|                    █                                                                               |

  RLSA 后连通域数量: 4（原来: 6）
  同一行的字符被连接成一个文字块
【步骤8】投影末端与候选筛选边界
末行单像素行： [ { x: 2, y: 2, width: 1, height: 1 } ]
末列单像素字： [ { x: 2, y: 0, width: 1, height: 3 } ]
minArea过滤全部时，最终字符数量： 0

============================================================
总结
============================================================

文本区域定位完成！

处理流程：
1. 连通域分析 → 检测到 6 个区域
2. 区域筛选 → 保留 6 个候选字符
3. 投影分析 → 检测到 3 行文字
4. 字符分割 → 分割出 6 个字符
5. 字符排序 → 按阅读顺序排列

可复用模块：
- horizontalRLSA(imageData, threshold) - 水平 RLSA
- verticalRLSA(imageData, threshold) - 垂直 RLSA
- detectTextLines(imageData, options) - 检测文字行
- segmentCharacters(imageData, lineRegion, options) - 分割字符
- sortCharacters(characters) - 排序字符

