============================================================
第 11 章：特征提取基础
============================================================

【生成的测试字符图像】

字符 "0":
                            
                            
                            
                            
            ██████          
          ███    ███        
         ██        ██       
        ██          ██      
       ███          ███     
       ██            ██     
       ██            ██     
      ██              ██    
      ██              ██    
      ██              ██    
      ██              ██    
      ██              ██    
      ██              ██    
      ██              ██    
       ██            ██     
       ██            ██     
       ███          ███     
        ██          ██      
         ██        ██       
          ███    ███        
            ██████          
                            
                            
                            


字符 "1":
                            
                            
                            
                            
             ███            
            █ ██            
              ██            
              ██            
              ██            
              ██            
              ██            
              ██            
              ██            
              ██            
              ██            
              ██            
              ██            
              ██            
              ██            
              ██            
              ██            
              ██            
              ██            
              ██            
                            
                            
                            
                            


============================================================
1. 像素级特征
============================================================

字符 "0" 像素特征维度: 784
字符 "1" 像素特征维度: 784

"0" 和 "1" 的像素特征欧氏距离: 11.4018

============================================================
2. 统计特征
============================================================

字符 "0" 的统计特征:
  - 归一化均值: 0.8776
  - 归一化方差: 0.107455
  - 填充率: 0.1224
  - 质心 X: 0.5179
  - 质心 Y: 0.5000
  - 前景像素数: 96

字符 "1" 的统计特征:
  - 填充率: 0.0536
  - 质心 X: 0.5145
  - 前景像素数: 42

字符 "A" 的统计特征:
  - 填充率: 0.1084
  - 质心 Y: 0.4912 (注意：A 的重心偏上)

统计特征向量维度: 6

============================================================
3. 图像矩与 Hu 矩（旋转不变）
============================================================

原始矩 M00（面积）:
  - 字符 "0": 96
  - 字符 "1": 42

字符 "0" 的 Hu 矩:
  [0.8390, 0.0003, 0.0000, 0.0000, 0.0000, 0.0000, 0.0000]

字符 "1" 的 Hu 矩:
  [0.8520, 0.6928, 0.0043, 0.0013, 0.0000, 0.0007, -0.0000]

对数变换后的 Hu 矩（更易比较）:
  "0": [0.0763, 3.4994, 0.0000, 0.0000, 0.0000, 0.0000, 0.0000]
  "O": [-0.1413, 1.3903, 3.1463, 3.2327, -6.5859, 4.1000, -6.5600]

"0" 和 "O" 的 Hu 矩距离: 11.3165 (应该较小，形状相似)
"0" 和 "1" 的 Hu 矩距离: 9.9721 (应该较大，形状不同)

============================================================
4. 投影特征
============================================================

投影特征维度: 水平 28 + 垂直 28 = 56

字符 "0" 水平投影（前 10 个值）:
  [0.0000, 0.0000, 0.0000, 0.0000, 1.0000, 1.0000, 0.6667, 0.6667, 1.0000, 0.6667...]

字符 "1" 水平投影（前 10 个值）:
  [0.0000, 0.0000, 0.0000, 0.0000, 1.0000, 1.0000, 0.6667, 0.6667, 0.6667, 0.6667...]

注意：
  - "0" 的水平投影两端小，中间大（椭圆形状）
  - "1" 的垂直投影中间有明显峰值（竖线）

============================================================
5. 网格（分区）特征
============================================================

4×4 网格特征维度: 16

字符 "0" 的网格特征（4×4 = 16 个区域的填充率）:
  [0.000, 0.143, 0.184, 0.000]
  [0.061, 0.245, 0.041, 0.265]
  [0.082, 0.224, 0.020, 0.286]
  [0.000, 0.184, 0.204, 0.020]

字符 "1" 的网格特征:
  [0.000, 0.041, 0.122, 0.000]
  [0.000, 0.000, 0.286, 0.000]
  [0.000, 0.000, 0.286, 0.000]
  [0.000, 0.000, 0.122, 0.000]

============================================================
6. HOG 特征（方向梯度直方图）
============================================================

HOG 参数:
  - Cell 大小: 7×7 像素
  - Block 大小: 2×2 Cell
  - 方向 bin 数: 9

HOG 特征维度: 324
  计算: (4-2+1)² × 2² × 9 = 324

字符 "0" HOG 特征（前 18 个值，即第一个 Block）:
  [0.0000, 0.0000, 0.0000, 0.0000, 0.0000, 0.0000, 0.0000, 0.0000, 0.0000, 0.0000, 0.0000, 0.6190, 0.0000, 0.1751, 0.0000, 0.0000, 0.0000, 0.0000...]

"0" 和 "1" 的 HOG 特征距离: 3.4241

============================================================
7. 特征归一化
============================================================

原始特征: [10, 50, 100, 200, 500]
L2 归一化: [0.0182, 0.0909, 0.1818, 0.3636, 0.9089]
Min-Max 归一化: [0.0000, 0.0816, 0.1837, 0.3878, 1.0000]
Z-Score 标准化: [-0.9210, -0.6936, -0.4094, 0.1592, 1.8648]

============================================================
8. 组合特征
============================================================

组合特征各部分维度:
  - 统计特征: 6 维
  - Hu 矩: 7 维
  - 投影特征: 56 维
  - 网格特征: 16 维
  - HOG 特征: 324 维
  - 总维度: 409 维

"0" 和 "1" 的组合特征比较:
  - 欧氏距离: 10.8909
  - 余弦相似度: 0.2429

============================================================
9. 特征匹配示例
============================================================

测试字符 "O" 与模板的距离:
  - 与 "0": 距离=11.6383, 相似度=0.3387
  - 与 "1": 距离=13.3412, 相似度=0.3144

匹配结果: "O" 最接近 "0"
（这是符合预期的，因为 O 和 0 形状相似）

============================================================
总结
============================================================

特征提取是 OCR 识别的关键步骤：

1. 像素特征
   - 最简单直接，但维度高（28×28=784 维）
   - 对平移、旋转敏感
   
2. 统计特征
   - 维度低（6 维），计算快
   - 填充率可以区分"密"和"稀"的字符
   
3. Hu 矩
   - 只有 7 维，具有旋转不变性
   - 相似形状的 Hu 矩接近（如 0 和 O）
   
4. 投影特征
   - 捕获字符的轮廓形状
   - 维度中等（56 维）
   
5. 网格特征
   - 局部分布信息
   - 4×4 网格只有 16 维
   
6. HOG 特征
   - 最强大的特征，捕获边缘方向分布
   - 维度较高，但效果最好

下一步：
- 第 12 章将学习如何使用这些特征进行模板匹配
- 第 13 章将学习 KNN 分类器，利用特征进行字符识别

============================================================
示例运行完成！
============================================================
