==================================================================
第 13 章：KNN 分类器
==================================================================

1) 距离度量回顾
  欧氏距离 d(A,B): 0.2646
  曼哈顿距离 d(A,B): 0.5000
  余弦距离 d(A,B): 0.0010
  欧氏距离 d(A,C): 4.4721

2) 先按合成来源划分训练 / 验证 / 测试，再增强训练图像
  固定种子: 20260911
  来源组: {"train":6,"validation":3,"test":3}
  样本数: 训练 180 / 验证 30 / 测试 30
  这是程序化数字的来源留出实验，不是 MNIST 或真实照片准确率。

3) 训练 KNN 分类器
  训练样本数: 180，特征维度: 85

4) 验证集选择 K 与投票方式
  普通投票 K=1 -> 验证准确率 53.33%
  加权投票 K=1 -> 验证准确率 53.33%
  普通投票 K=5 -> 验证准确率 53.33%
  加权投票 K=5 -> 验证准确率 53.33%
  普通投票 K=3 -> 验证准确率 50.00%
  加权投票 K=3 -> 验证准确率 50.00%
  普通投票 K=7 -> 验证准确率 50.00%
  加权投票 K=7 -> 验证准确率 50.00%
  加权投票 K=9 -> 验证准确率 46.67%
  普通投票 K=9 -> 验证准确率 43.33%
  冻结配置: K=1，普通投票，欧氏距离，不拒识

5) 冻结参数后的独立合成测试
  测试准确率: 56.67% (17/30)
  拒识数: 0，错误数（含拒识）: 13
混淆矩阵（仅显示非零项）:
  实际 0 -> 预测 0: 2
  实际 0 -> 预测 8: 1
  实际 1 -> 预测 0: 1
  实际 1 -> 预测 1: 2
  实际 2 -> 预测 5: 1
  实际 2 -> 预测 6: 2
  实际 3 -> 预测 3: 3
  实际 4 -> 预测 1: 1
  实际 4 -> 预测 8: 2
  实际 5 -> 预测 2: 1
  实际 5 -> 预测 3: 1
  实际 5 -> 预测 5: 1
  实际 6 -> 预测 4: 1
  实际 6 -> 预测 6: 1
  实际 6 -> 预测 8: 1
  实际 7 -> 预测 7: 3
  实际 8 -> 预测 8: 3
  实际 9 -> 预测 6: 1
  实际 9 -> 预测 9: 2

6) 多数投票与加权投票的可核对反例
  普通投票: B，票权占比 66.67%（不是正确概率）
  加权投票: A，票权占比 54.55%（不是正确概率）

7) 拒识规则的单独演示：阈值 0.85 未校准，不改变上面的已冻结测试
  未知符号 -> 被识别为 1（降低阈值才会更严格；应在验证数据上选择阈值）

8) 导出/导入分类器
  导入后测试: 识别结果=7, 票权占比=100.0%

==================================================================
第 13 章示例运行完成
下一章：14. 神经网络基础
==================================================================
