01-image-fundamentals: passed
02-js-image-basics: passed
03-grayscale: passed
04-binarization: passed
05-denoising: passed
06-morphology: passed
07-deskewing: passed
08-edge-detection: passed
09-connected-components: passed
10-text-localization: passed
11-feature-extraction: passed
12-template-matching: passed
13-knn-classifier: passed
14-neural-network-basics: passed
15-cnn-basics: passed
16-tensorflowjs-intro: passed
17-cnn-classifier: passed
18-rnn-basics: passed
19-ctc-loss: passed
20-crnn: passed
21-attention: passed
22-text-detection-networks: passed
23-transformer-ocr: passed
24-post-processing: passed
25-ocr-engine: passed
26-validation: passed
